Archive member included to satisfy reference by file (symbol)

C:/ST/STM32CubeIDE_1.16.1/STM32CubeIDE/plugins/com.st.stm32cube.ide.mcu.externaltools.gnu-tools-for-stm32.12.3.rel1.win32_1.0.200.202406191623/tools/bin/../lib/gcc/arm-none-eabi/12.3.1/../../../../arm-none-eabi/lib/thumb/v7e-m+fp/hard\libc_nano.a(libc_a-exit.o)
                              C:/ST/STM32CubeIDE_1.16.1/STM32CubeIDE/plugins/com.st.stm32cube.ide.mcu.externaltools.gnu-tools-for-stm32.12.3.rel1.win32_1.0.200.202406191623/tools/bin/../lib/gcc/arm-none-eabi/12.3.1/../../../../arm-none-eabi/lib/thumb/v7e-m+fp/hard/crt0.o (exit)
C:/ST/STM32CubeIDE_1.16.1/STM32CubeIDE/plugins/com.st.stm32cube.ide.mcu.externaltools.gnu-tools-for-stm32.12.3.rel1.win32_1.0.200.202406191623/tools/bin/../lib/gcc/arm-none-eabi/12.3.1/../../../../arm-none-eabi/lib/thumb/v7e-m+fp/hard\libc_nano.a(libc_a-findfp.o)
                              C:/ST/STM32CubeIDE_1.16.1/STM32CubeIDE/plugins/com.st.stm32cube.ide.mcu.externaltools.gnu-tools-for-stm32.12.3.rel1.win32_1.0.200.202406191623/tools/bin/../lib/gcc/arm-none-eabi/12.3.1/../../../../arm-none-eabi/lib/thumb/v7e-m+fp/hard\libc_nano.a(libc_a-exit.o) (__stdio_exit_handler)
C:/ST/STM32CubeIDE_1.16.1/STM32CubeIDE/plugins/com.st.stm32cube.ide.mcu.externaltools.gnu-tools-for-stm32.12.3.rel1.win32_1.0.200.202406191623/tools/bin/../lib/gcc/arm-none-eabi/12.3.1/../../../../arm-none-eabi/lib/thumb/v7e-m+fp/hard\libc_nano.a(libc_a-fwalk.o)
                              C:/ST/STM32CubeIDE_1.16.1/STM32CubeIDE/plugins/com.st.stm32cube.ide.mcu.externaltools.gnu-tools-for-stm32.12.3.rel1.win32_1.0.200.202406191623/tools/bin/../lib/gcc/arm-none-eabi/12.3.1/../../../../arm-none-eabi/lib/thumb/v7e-m+fp/hard\libc_nano.a(libc_a-findfp.o) (_fwalk_sglue)
C:/ST/STM32CubeIDE_1.16.1/STM32CubeIDE/plugins/com.st.stm32cube.ide.mcu.externaltools.gnu-tools-for-stm32.12.3.rel1.win32_1.0.200.202406191623/tools/bin/../lib/gcc/arm-none-eabi/12.3.1/../../../../arm-none-eabi/lib/thumb/v7e-m+fp/hard\libc_nano.a(libc_a-stdio.o)
                              C:/ST/STM32CubeIDE_1.16.1/STM32CubeIDE/plugins/com.st.stm32cube.ide.mcu.externaltools.gnu-tools-for-stm32.12.3.rel1.win32_1.0.200.202406191623/tools/bin/../lib/gcc/arm-none-eabi/12.3.1/../../../../arm-none-eabi/lib/thumb/v7e-m+fp/hard\libc_nano.a(libc_a-findfp.o) (__sread)
C:/ST/STM32CubeIDE_1.16.1/STM32CubeIDE/plugins/com.st.stm32cube.ide.mcu.externaltools.gnu-tools-for-stm32.12.3.rel1.win32_1.0.200.202406191623/tools/bin/../lib/gcc/arm-none-eabi/12.3.1/../../../../arm-none-eabi/lib/thumb/v7e-m+fp/hard\libc_nano.a(libc_a-memset.o)
                              C:/ST/STM32CubeIDE_1.16.1/STM32CubeIDE/plugins/com.st.stm32cube.ide.mcu.externaltools.gnu-tools-for-stm32.12.3.rel1.win32_1.0.200.202406191623/tools/bin/../lib/gcc/arm-none-eabi/12.3.1/../../../../arm-none-eabi/lib/thumb/v7e-m+fp/hard/crt0.o (memset)
C:/ST/STM32CubeIDE_1.16.1/STM32CubeIDE/plugins/com.st.stm32cube.ide.mcu.externaltools.gnu-tools-for-stm32.12.3.rel1.win32_1.0.200.202406191623/tools/bin/../lib/gcc/arm-none-eabi/12.3.1/../../../../arm-none-eabi/lib/thumb/v7e-m+fp/hard\libc_nano.a(libc_a-strncmp.o)
                              ./Core/Src/gps_parser.o (strncmp)
C:/ST/STM32CubeIDE_1.16.1/STM32CubeIDE/plugins/com.st.stm32cube.ide.mcu.externaltools.gnu-tools-for-stm32.12.3.rel1.win32_1.0.200.202406191623/tools/bin/../lib/gcc/arm-none-eabi/12.3.1/../../../../arm-none-eabi/lib/thumb/v7e-m+fp/hard\libc_nano.a(libc_a-strncpy.o)
                              ./Core/Src/slider.o (strncpy)
C:/ST/STM32CubeIDE_1.16.1/STM32CubeIDE/plugins/com.st.stm32cube.ide.mcu.externaltools.gnu-tools-for-stm32.12.3.rel1.win32_1.0.200.202406191623/tools/bin/../lib/gcc/arm-none-eabi/12.3.1/../../../../arm-none-eabi/lib/thumb/v7e-m+fp/hard\libc_nano.a(libc_a-closer.o)
                              C:/ST/STM32CubeIDE_1.16.1/STM32CubeIDE/plugins/com.st.stm32cube.ide.mcu.externaltools.gnu-tools-for-stm32.12.3.rel1.win32_1.0.200.202406191623/tools/bin/../lib/gcc/arm-none-eabi/12.3.1/../../../../arm-none-eabi/lib/thumb/v7e-m+fp/hard\libc_nano.a(libc_a-stdio.o) (_close_r)
C:/ST/STM32CubeIDE_1.16.1/STM32CubeIDE/plugins/com.st.stm32cube.ide.mcu.externaltools.gnu-tools-for-stm32.12.3.rel1.win32_1.0.200.202406191623/tools/bin/../lib/gcc/arm-none-eabi/12.3.1/../../../../arm-none-eabi/lib/thumb/v7e-m+fp/hard\libc_nano.a(libc_a-reent.o)
                              C:/ST/STM32CubeIDE_1.16.1/STM32CubeIDE/plugins/com.st.stm32cube.ide.mcu.externaltools.gnu-tools-for-stm32.12.3.rel1.win32_1.0.200.202406191623/tools/bin/../lib/gcc/arm-none-eabi/12.3.1/../../../../arm-none-eabi/lib/thumb/v7e-m+fp/hard\libc_nano.a(libc_a-closer.o) (errno)
C:/ST/STM32CubeIDE_1.16.1/STM32CubeIDE/plugins/com.st.stm32cube.ide.mcu.externaltools.gnu-tools-for-stm32.12.3.rel1.win32_1.0.200.202406191623/tools/bin/../lib/gcc/arm-none-eabi/12.3.1/../../../../arm-none-eabi/lib/thumb/v7e-m+fp/hard\libc_nano.a(libc_a-impure.o)
[...]
Memory Configuration

Name             Origin             Length             Attributes
RAM              0x20000000         0x00010000         xrw
FLASH            0x08000000         0x00040000         xr
*default*        0x00000000         0xffffffff

Linker script and memory map

LOAD C:/ST/STM32CubeIDE_1.16.1/STM32CubeIDE/plugins/com.st.stm32cube.ide.mcu.externaltools.gnu-tools-for-stm32.12.3.rel1.win32_1.0.200.202406191623/tools/bin/../lib/gcc/arm-none-eabi/12.3.1/thumb/v7e-m+fp/hard/crti.o
LOAD C:/ST/STM32CubeIDE_1.16.1/STM32CubeIDE/plugins/com.st.stm32cube.ide.mcu.externaltools.gnu-tools-for-stm32.12.3.rel1.win32_1.0.200.202406191623/tools/bin/../lib/gcc/arm-none-eabi/12.3.1/thumb/v7e-m+fp/hard/crtbegin.o
LOAD C:/ST/STM32CubeIDE_1.16.1/STM32CubeIDE/plugins/com.st.stm32cube.ide.mcu.externaltools.gnu-tools-for-stm32.12.3.rel1.win32_1.0.200.202406191623/tools/bin/../lib/gcc/arm-none-eabi/12.3.1/../../../../arm-none-eabi/lib/thumb/v7e-m+fp/hard/crt0.o
LOAD ./Core/Src/adc.o
LOAD ./Core/Src/button.o
LOAD ./Core/Src/display.o
LOAD ./Core/Src/dma.o
LOAD ./Core/Src/gpio.o
LOAD ./Core/Src/gps_parser.o
LOAD ./Core/Src/i2c.o
LOAD ./Core/Src/main.o
LOAD ./Core/Src/rtc.o
LOAD ./Core/Src/sht40.o
LOAD ./Core/Src/slider.o
LOAD ./Core/Src/spi.o
LOAD ./Core/Src/stm32f4xx_hal_msp.o
LOAD ./Core/Src/stm32f4xx_it.o
LOAD ./Core/Src/syscalls.o
LOAD ./Core/Src/sysmem.o
LOAD ./Core/Src/system_stm32f4xx.o
LOAD ./Core/Src/tim.o
LOAD ./Core/Src/usart.o
LOAD ./Core/Startup/startup_stm32f401ccux.o
LOAD ./Drivers/STM32F4xx_HAL_Driver/Src/stm32f4xx_hal.o
LOAD ./Drivers/STM32F4xx_HAL_Driver/Src/stm32f4xx_hal_adc.o
LOAD ./Drivers/STM32F4xx_HAL_Driver/Src/stm32f4xx_hal_adc_ex.o
LOAD ./Drivers/STM32F4xx_HAL_Driver/Src/stm32f4xx_hal_cortex.o
LOAD ./Drivers/STM32F4xx_HAL_Driver/Src/stm32f4xx_hal_dma.o
LOAD ./Drivers/STM32F4xx_HAL_Driver/Src/stm32f4xx_hal_dma_ex.o
LOAD ./Drivers/STM32F4xx_HAL_Driver/Src/stm32f4xx_hal_exti.o
LOAD ./Drivers/STM32F4xx_HAL_Driver/Src/stm32f4xx_hal_flash.o
LOAD ./Drivers/STM32F4xx_HAL_Driver/Src/stm32f4xx_hal_flash_ex.o
LOAD ./Drivers/STM32F4xx_HAL_Driver/Src/stm32f4xx_hal_flash_ramfunc.o
LOAD ./Drivers/STM32F4xx_HAL_Driver/Src/stm32f4xx_hal_gpio.o
LOAD ./Drivers/STM32F4xx_HAL_Driver/Src/stm32f4xx_hal_i2c.o
LOAD ./Drivers/STM32F4xx_HAL_Driver/Src/stm32f4xx_hal_i2c_ex.o
LOAD ./Drivers/STM32F4xx_HAL_Driver/Src/stm32f4xx_hal_pwr.o
LOAD ./Drivers/STM32F4xx_HAL_Driver/Src/stm32f4xx_hal_pwr_ex.o
LOAD ./Drivers/STM32F4xx_HAL_Driver/Src/stm32f4xx_hal_rcc.o
LOAD ./Drivers/STM32F4xx_HAL_Driver/Src/stm32f4xx_hal_rcc_ex.o
LOAD ./Drivers/STM32F4xx_HAL_Driver/Src/stm32f4xx_hal_rtc.o
LOAD ./Drivers/STM32F4xx_HAL_Driver/Src/stm32f4xx_hal_rtc_ex.o
LOAD ./Drivers/STM32F4xx_HAL_Driver/Src/stm32f4xx_hal_spi.o
LOAD ./Drivers/STM32F4xx_HAL_Driver/Src/stm32f4xx_hal_tim.o
LOAD ./Drivers/STM32F4xx_HAL_Driver/Src/stm32f4xx_hal_tim_ex.o
LOAD ./Drivers/STM32F4xx_HAL_Driver/Src/stm32f4xx_hal_uart.o
LOAD ./Drivers/STM32F4xx_HAL_Driver/Src/stm32f4xx_ll_adc.o
START GROUP
LOAD C:/ST/STM32CubeIDE_1.16.1/STM32CubeIDE/plugins/com.st.stm32cube.ide.mcu.externaltools.gnu-tools-for-stm32.12.3.rel1.win32_1.0.200.202406191623/tools/bin/../lib/gcc/arm-none-eabi/12.3.1/../../../../arm-none-eabi/lib/thumb/v7e-m+fp/hard\libc_nano.a
LOAD C:/ST/STM32CubeIDE_1.16.1/STM32CubeIDE/plugins/com.st.stm32cube.ide.mcu.externaltools.gnu-tools-for-stm32.12.3.rel1.win32_1.0.200.202406191623/tools/bin/../lib/gcc/arm-none-eabi/12.3.1/../../../../arm-none-eabi/lib/thumb/v7e-m+fp/hard\libm.a
END GROUP
START GROUP
LOAD C:/ST/STM32CubeIDE_1.16.1/STM32CubeIDE/plugins/com.st.stm32cube.ide.mcu.externaltools.gnu-tools-for-stm32.12.3.rel1.win32_1.0.200.202406191623/tools/bin/../lib/gcc/arm-none-eabi/12.3.1/thumb/v7e-m+fp/hard\libgcc.a
LOAD C:/ST/STM32CubeIDE_1.16.1/STM32CubeIDE/plugins/com.st.stm32cube.ide.mcu.externaltools.gnu-tools-for-stm32.12.3.rel1.win32_1.0.200.202406191623/tools/bin/../lib/gcc/arm-none-eabi/12.3.1/../../../../arm-none-eabi/lib/thumb/v7e-m+fp/hard\libc_nano.a
END GROUP
START GROUP
LOAD C:/ST/STM32CubeIDE_1.16.1/STM32CubeIDE/plugins/com.st.stm32cube.ide.mcu.externaltools.gnu-tools-for-stm32.12.3.rel1.win32_1.0.200.202406191623/tools/bin/../lib/gcc/arm-none-eabi/12.3.1/thumb/v7e-m+fp/hard\libgcc.a
LOAD C:/ST/STM32CubeIDE_1.16.1/STM32CubeIDE/plugins/com.st.stm32cube.ide.mcu.externaltools.gnu-tools-for-stm32.12.3.rel1.win32_1.0.200.202406191623/tools/bin/../lib/gcc/arm-none-eabi/12.3.1/../../../../arm-none-eabi/lib/thumb/v7e-m+fp/hard\libc_nano.a
LOAD C:/ST/STM32CubeIDE_1.16.1/STM32CubeIDE/plugins/com.st.stm32cube.ide.mcu.externaltools.gnu-tools-for-stm32.12.3.rel1.win32_1.0.200.202406191623/tools/bin/../lib/gcc/arm-none-eabi/12.3.1/../../../../arm-none-eabi/lib/thumb/v7e-m+fp/hard\libnosys.a
END GROUP
START GROUP
LOAD C:/ST/STM32CubeIDE_1.16.1/STM32CubeIDE/plugins/com.st.stm32cube.ide.mcu.externaltools.gnu-tools-for-stm32.12.3.rel1.win32_1.0.200.202406191623/tools/bin/../lib/gcc/arm-none-eabi/12.3.1/thumb/v7e-m+fp/hard\libgcc.a
LOAD C:/ST/STM32CubeIDE_1.16.1/STM32CubeIDE/plugins/com.st.stm32cube.ide.mcu.externaltools.gnu-tools-for-stm32.12.3.rel1.win32_1.0.200.202406191623/tools/bin/../lib/gcc/arm-none-eabi/12.3.1/../../../../arm-none-eabi/lib/thumb/v7e-m+fp/hard\libc_nano.a
LOAD C:/ST/STM32CubeIDE_1.16.1/STM32CubeIDE/plugins/com.st.stm32cube.ide.mcu.externaltools.gnu-tools-for-stm32.12.3.rel1.win32_1.0.200.202406191623/tools/bin/../lib/gcc/arm-none-eabi/12.3.1/../../../../arm-none-eabi/lib/thumb/v7e-m+fp/hard\libnosys.a
END GROUP
LOAD C:/ST/STM32CubeIDE_1.16.1/STM32CubeIDE/plugins/com.st.stm32cube.ide.mcu.externaltools.gnu-tools-for-stm32.12.3.rel1.win32_1.0.200.202406191623/tools/bin/../lib/gcc/arm-none-eabi/12.3.1/thumb/v7e-m+fp/hard/crtend.o
LOAD C:/ST/STM32CubeIDE_1.16.1/STM32CubeIDE/plugins/com.st.stm32cube.ide.mcu.externaltools.gnu-tools-for-stm32.12.3.rel1.win32_1.0.200.202406191623/tools/bin/../lib/gcc/arm-none-eabi/12.3.1/thumb/v7e-m+fp/hard/crtn.o
                0x20010000                        _estack = (ORIGIN (RAM) + LENGTH (RAM))
                0x00000200                        _Min_Heap_Size = 0x200
                0x00000400                        _Min_Stack_Size = 0x400

.isr_vector     0x08000000      0x194
                0x08000000                        . = ALIGN (0x4)
 *(.isr_vector)
 .isr_vector    0x08000000      0x194 ./Core/Startup/startup_stm32f401ccux.o
                0x08000000                g_pfnVectors
                0x08000194                        . = ALIGN (0x4)

.text           0x08000194     0x8464
                0x08000194                        . = ALIGN (0x4)
 *(.text)
 .text          0x08000194       0x40 C:/ST/STM32CubeIDE_1.16.1/STM32CubeIDE/plugins/com.st.stm32cube.ide.mcu.externaltools.gnu-tools-for-stm32.12.3.rel1.win32_1.0.200.202406191623/tools/bin/../lib/gcc/arm-none-eabi/12.3.1/thumb/v7e-m+fp/hard/crtbegin.o
 .text          0x080001d4       0x30 C:/ST/STM32CubeIDE_1.16.1/STM32CubeIDE/plugins/com.st.stm32cube.ide.mcu.externaltools.gnu-tools-for-stm32.12.3.rel1.win32_1.0.200.202406191623/tools/bin/../lib/gcc/arm-none-eabi/12.3.1/thumb/v7e-m+fp/hard\libgcc.a(_aeabi_uldivmod.o)
                0x080001d4                __aeabi_uldivmod
 .text          0x08000204      0x2bc C:/ST/STM32CubeIDE_1.16.1/STM32CubeIDE/plugins/com.st.stm32cube.ide.mcu.externaltools.gnu-tools-for-stm32.12.3.rel1.win32_1.0.200.202406191623/tools/bin/../lib/gcc/arm-none-eabi/12.3.1/thumb/v7e-m+fp/hard\libgcc.a(_udivmoddi4.o)
                0x08000204                __udivmoddi4
 .text          0x080004c0        0x4 C:/ST/STM32CubeIDE_1.16.1/STM32CubeIDE/plugins/com.st.stm32cube.ide.mcu.externaltools.gnu-tools-for-stm32.12.3.rel1.win32_1.0.200.202406191623/tools/bin/../lib/gcc/arm-none-eabi/12.3.1/thumb/v7e-m+fp/hard\libgcc.a(_dvmd_tls.o)
                0x080004c0                __aeabi_idiv0
                0x080004c0                __aeabi_ldiv0
 *(.text*)
 .text.MX_ADC1_Init
                0x080004c4       0xa4 ./Core/Src/adc.o
                0x080004c4                MX_ADC1_Init
 .text.HAL_ADC_MspInit
                0x08000568       0x88 ./Core/Src/adc.o
                0x08000568                HAL_ADC_MspInit
 .text.Button_RegisterPressCallback
                0x080005f0       0x38 ./Core/Src/button.o
                0x080005f0                Button_RegisterPressCallback
 .text.Button_RegisterHoldCallback
                0x08000628       0x38 ./Core/Src/button.o
                0x08000628                Button_RegisterHoldCallback
 .text.Button_RegisterDoubleClickCallback
                0x08000660       0x38 ./Core/Src/button.o
                0x08000660                Button_RegisterDoubleClickCallback
 .text.Button_Process
                0x08000698      0x1d0 ./Core/Src/button.o
                0x08000698                Button_Process
 .text.HAL_TIM_PeriodElapsedCallback
                0x08000868       0x68 ./Core/Src/button.o
                0x08000868                HAL_TIM_PeriodElapsedCallback
 .text.charToSegment
                0x080008d0      0x1e0 ./Core/Src/display.o
                0x080008d0                charToSegment
 .text.HAL_SPI_TxCpltCallback
                0x08000ab0       0x40 ./Core/Src/display.o
                0x08000ab0                HAL_SPI_TxCpltCallback
 .text.ClearClockBits
                0x08000af0       0x1a ./Core/Src/display.o
                0x08000af0                ClearClockBits
 .text.SetSecondLedSingle
                0x08000b0a       0xb4 ./Core/Src/display.o
                0x08000b0a                SetSecondLedSingle
 .text.SetSecondLedAccumulating
                0x08000bbe       0xe0 ./Core/Src/display.o
                0x08000bbe                SetSecondLedAccumulating
 .text.SetSecondLedAccumulating2
                0x08000c9e       0xee ./Core/Src/display.o
                0x08000c9e                SetSecondLedAccumulating2
 .text.SetHourRing
                0x08000d8c       0xcc ./Core/Src/display.o
                0x08000d8c                SetHourRing
 .text.SetTime7Seg_Top
                0x08000e58      0x274 ./Core/Src/display.o
                0x08000e58                SetTime7Seg_Top
 .text.SetTime7Seg_Void
                0x080010cc      0x18a ./Core/Src/display.o
                0x080010cc                SetTime7Seg_Void
 *fill*         0x08001256        0x2 
 .text.UpdateAllDisplays
                0x08001258       0x88 ./Core/Src/display.o
                0x08001258                UpdateAllDisplays
 .text.SetPWMPercentGamma
                0x080012e0       0x58 ./Core/Src/display.o
                0x080012e0                SetPWMPercentGamma
 .text.SetSecondLedEvenOdd
                0x08001338      0x224 ./Core/Src/display.o
                0x08001338                SetSecondLedEvenOdd
 .text.SetDots  0x0800155c       0x64 ./Core/Src/display.o
                0x0800155c                SetDots
 .text.SetHourRingCustom
                0x080015c0      0x112 ./Core/Src/display.o
                0x080015c0                SetHourRingCustom
 *fill*         0x080016d2        0x2 
 .text.MX_DMA_Init
                0x080016d4       0x8c ./Core/Src/dma.o
                0x080016d4                MX_DMA_Init
 .text.MX_GPIO_Init
                0x08001760       0xd8 ./Core/Src/gpio.o
                0x08001760                MX_GPIO_Init
 .text.IsNmeaSeparator
                0x08001838       0x2e ./Core/Src/gps_parser.o
 .text.ParseUInt8
                0x08001866       0x66 ./Core/Src/gps_parser.o
 .text.ParseGPRMC
                0x080018cc      0x178 ./Core/Src/gps_parser.o
 .text.ParseGPGGA
                0x08001a44       0x90 ./Core/Src/gps_parser.o
 .text.GPS_ProcessBuffer
                0x08001ad4      0x12c ./Core/Src/gps_parser.o
                0x08001ad4                GPS_ProcessBuffer
 .text.GPS_Init
                0x08001c00       0x30 ./Core/Src/gps_parser.o
                0x08001c00                GPS_Init
 .text.ConvertUtcToLocalTime
                0x08001c30      0x170 ./Core/Src/gps_parser.o
                0x08001c30                ConvertUtcToLocalTime
 .text.DaysInMonth
                0x08001da0       0x94 ./Core/Src/gps_parser.o
                0x08001da0                DaysInMonth
 .text.GetLastSundayOfMonth
                0x08001e34       0x4a ./Core/Src/gps_parser.o
                0x08001e34                GetLastSundayOfMonth
 .text.IsDstActive
                0x08001e7e       0x78 ./Core/Src/gps_parser.o
                0x08001e7e                IsDstActive
 *fill*         0x08001ef6        0x2 
 .text.GetDayOfWeek
                0x08001ef8       0xc0 ./Core/Src/gps_parser.o
                0x08001ef8                GetDayOfWeek
 .text.MX_I2C2_Init
                0x08001fb8       0x5c ./Core/Src/i2c.o
                0x08001fb8                MX_I2C2_Init
 .text.HAL_I2C_MspInit
                0x08002014      0x17c ./Core/Src/i2c.o
                0x08002014                HAL_I2C_MspInit
 .text.main     0x08002190      0x4c8 ./Core/Src/main.o
                0x08002190                main
 .text.SystemClock_Config
                0x08002658       0xc0 ./Core/Src/main.o
                0x08002658                SystemClock_Config
 .text.Get_RTC_Time
                0x08002718       0x28 ./Core/Src/main.o
                0x08002718                Get_RTC_Time
 .text.HAL_TIM_IC_CaptureCallback
                0x08002740       0x4c ./Core/Src/main.o
                0x08002740                HAL_TIM_IC_CaptureCallback
 .text.Button1_Pressed
                0x0800278c       0x18 ./Core/Src/main.o
                0x0800278c                Button1_Pressed
 .text.Button1_DoubleClicked
                0x080027a4        0xe ./Core/Src/main.o
                0x080027a4                Button1_DoubleClicked
 .text.Button1_Held
                0x080027b2        0xe ./Core/Src/main.o
                0x080027b2                Button1_Held
 .text.Error_Handler
                0x080027c0        0xc ./Core/Src/main.o
                0x080027c0                Error_Handler
 .text.MX_RTC_Init
                0x080027cc       0xb4 ./Core/Src/rtc.o
                0x080027cc                MX_RTC_Init
 .text.HAL_RTC_MspInit
                0x08002880       0x58 ./Core/Src/rtc.o
                0x08002880                HAL_RTC_MspInit
 .text.PrepareBuffer18
                0x080028d8       0x7c ./Core/Src/slider.o
 .text.ShowWindow
                0x08002954      0x268 ./Core/Src/slider.o
 .text.SLIDER_Init
                0x08002bbc       0x70 ./Core/Src/slider.o
                0x08002bbc                SLIDER_Init
 .text.SLIDER_SetString
                0x08002c2c       0x78 ./Core/Src/slider.o
                0x08002c2c                SLIDER_SetString
 .text.SLIDER_Stop
                0x08002ca4       0x48 ./Core/Src/slider.o
                0x08002ca4                SLIDER_Stop
 .text.SLIDER_Update
                0x08002cec      0x1ac ./Core/Src/slider.o
                0x08002cec                SLIDER_Update
 .text.SLIDER_IsStopped
                0x08002e98       0x20 ./Core/Src/slider.o
                0x08002e98                SLIDER_IsStopped
 .text.SLIDER_DisplayNumber
                0x08002eb8      0x21c ./Core/Src/slider.o
                0x08002eb8                SLIDER_DisplayNumber
 .text.MX_SPI1_Init
                0x080030d4       0x6c ./Core/Src/spi.o
                0x080030d4                MX_SPI1_Init
 .text.HAL_SPI_MspInit
                0x08003140      0x104 ./Core/Src/spi.o
                0x08003140                HAL_SPI_MspInit
 .text.HAL_MspInit
                0x08003244       0x50 ./Core/Src/stm32f4xx_hal_msp.o
                0x08003244                HAL_MspInit
 .text.NMI_Handler
                0x08003294        0x8 ./Core/Src/stm32f4xx_it.o
                0x08003294                NMI_Handler
 .text.HardFault_Handler
                0x0800329c        0x8 ./Core/Src/stm32f4xx_it.o
                0x0800329c                HardFault_Handler
 .text.MemManage_Handler
                0x080032a4        0x8 ./Core/Src/stm32f4xx_it.o
                0x080032a4                MemManage_Handler
 .text.BusFault_Handler
                0x080032ac        0x8 ./Core/Src/stm32f4xx_it.o
                0x080032ac                BusFault_Handler
 .text.UsageFault_Handler
                0x080032b4        0x8 ./Core/Src/stm32f4xx_it.o
                0x080032b4                UsageFault_Handler
 .text.SVC_Handler
                0x080032bc        0xe ./Core/Src/stm32f4xx_it.o
                0x080032bc                SVC_Handler
 .text.DebugMon_Handler
                0x080032ca        0xe ./Core/Src/stm32f4xx_it.o
                0x080032ca                DebugMon_Handler
 .text.PendSV_Handler
                0x080032d8        0xe ./Core/Src/stm32f4xx_it.o
                0x080032d8                PendSV_Handler
 .text.SysTick_Handler
                0x080032e6        0xc ./Core/Src/stm32f4xx_it.o
                0x080032e6                SysTick_Handler
 *fill*         0x080032f2        0x2 
 .text.DMA1_Stream2_IRQHandler
                0x080032f4       0x14 ./Core/Src/stm32f4xx_it.o
                0x080032f4                DMA1_Stream2_IRQHandler
 .text.TIM4_IRQHandler
                0x08003308       0x14 ./Core/Src/stm32f4xx_it.o
                0x08003308                TIM4_IRQHandler
 .text.SPI1_IRQHandler
                0x0800331c       0x14 ./Core/Src/stm32f4xx_it.o
                0x0800331c                SPI1_IRQHandler
 .text.DMA1_Stream7_IRQHandler
                0x08003330       0x14 ./Core/Src/stm32f4xx_it.o
                0x08003330                DMA1_Stream7_IRQHandler
 .text.TIM5_IRQHandler
                0x08003344       0x14 ./Core/Src/stm32f4xx_it.o
                0x08003344                TIM5_IRQHandler
 .text.DMA2_Stream2_IRQHandler
                0x08003358       0x14 ./Core/Src/stm32f4xx_it.o
                0x08003358                DMA2_Stream2_IRQHandler
 .text.DMA2_Stream3_IRQHandler
                0x0800336c       0x14 ./Core/Src/stm32f4xx_it.o
                0x0800336c                DMA2_Stream3_IRQHandler
 .text.SystemInit
                0x08003380       0x24 ./Core/Src/system_stm32f4xx.o
                0x08003380                SystemInit
 .text.MX_TIM1_Init
                0x080033a4      0x140 ./Core/Src/tim.o
                0x080033a4                MX_TIM1_Init
 .text.MX_TIM4_Init
                0x080034e4       0xa8 ./Core/Src/tim.o
                0x080034e4                MX_TIM4_Init
 .text.MX_TIM5_Init
                0x0800358c       0x9c ./Core/Src/tim.o
                0x0800358c                MX_TIM5_Init
 .text.HAL_TIM_Base_MspInit
                0x08003628       0x7c ./Core/Src/tim.o
                0x08003628                HAL_TIM_Base_MspInit
 .text.HAL_TIM_Encoder_MspInit
                0x080036a4       0xa0 ./Core/Src/tim.o
                0x080036a4                HAL_TIM_Encoder_MspInit
 .text.HAL_TIM_MspPostInit
                0x08003744       0x74 ./Core/Src/tim.o
                0x08003744                HAL_TIM_MspPostInit
 .text.MX_USART1_UART_Init
                0x080037b8       0x54 ./Core/Src/usart.o
                0x080037b8                MX_USART1_UART_Init
 .text.HAL_UART_MspInit
                0x0800380c       0xf8 ./Core/Src/usart.o
                0x0800380c                HAL_UART_MspInit
 .text.Reset_Handler
                0x08003904       0x50 ./Core/Startup/startup_stm32f401ccux.o
                0x08003904                Reset_Handler
 .text.Default_Handler
                0x08003954        0x2 ./Core/Startup/startup_stm32f401ccux.o
                0x08003954                RTC_Alarm_IRQHandler
                0x08003954                EXTI2_IRQHandler
                0x08003954                SPI4_IRQHandler
                0x08003954                TIM1_CC_IRQHandler
                0x08003954                DMA2_Stream5_IRQHandler
                0x08003954                DMA1_Stream5_IRQHandler
                0x08003954                PVD_IRQHandler
                0x08003954                SDIO_IRQHandler
                0x08003954                TAMP_STAMP_IRQHandler
                0x08003954                EXTI3_IRQHandler
                0x08003954                TIM1_UP_TIM10_IRQHandler
                0x08003954                I2C3_ER_IRQHandler
                0x08003954                EXTI0_IRQHandler
                0x08003954                I2C2_EV_IRQHandler
                0x08003954                FPU_IRQHandler
                0x08003954                TIM1_BRK_TIM9_IRQHandler
                0x08003954                USART6_IRQHandler
                0x08003954                DMA2_Stream0_IRQHandler
                0x08003954                I2C1_EV_IRQHandler
                0x08003954                DMA1_Stream6_IRQHandler
                0x08003954                DMA1_Stream1_IRQHandler
                0x08003954                TIM3_IRQHandler
                0x08003954                RCC_IRQHandler
                0x08003954                Default_Handler
                0x08003954                EXTI15_10_IRQHandler
                0x08003954                ADC_IRQHandler
                0x08003954                DMA2_Stream7_IRQHandler
                0x08003954                I2C3_EV_IRQHandler
                0x08003954                EXTI9_5_IRQHandler
                0x08003954                RTC_WKUP_IRQHandler
                0x08003954                SPI2_IRQHandler
                0x08003954                DMA1_Stream0_IRQHandler
                0x08003954                EXTI4_IRQHandler
                0x08003954                WWDG_IRQHandler
                0x08003954                TIM2_IRQHandler
                0x08003954                OTG_FS_WKUP_IRQHandler
                0x08003954                TIM1_TRG_COM_TIM11_IRQHandler
                0x08003954                EXTI1_IRQHandler
                0x08003954                USART2_IRQHandler
                0x08003954                I2C2_ER_IRQHandler
                0x08003954                DMA2_Stream1_IRQHandler
                0x08003954                FLASH_IRQHandler
                0x08003954                DMA2_Stream4_IRQHandler
                0x08003954                USART1_IRQHandler
                0x08003954                OTG_FS_IRQHandler
                0x08003954                SPI3_IRQHandler
                0x08003954                DMA1_Stream4_IRQHandler
                0x08003954                I2C1_ER_IRQHandler
                0x08003954                DMA2_Stream6_IRQHandler
                0x08003954                DMA1_Stream3_IRQHandler
 *fill*         0x08003956        0x2 
 .text.HAL_Init
                0x08003958       0x44 ./Drivers/STM32F4xx_HAL_Driver/Src/stm32f4xx_hal.o
                0x08003958                HAL_Init
 .text.HAL_InitTick
                0x0800399c       0x60 ./Drivers/STM32F4xx_HAL_Driver/Src/stm32f4xx_hal.o
                0x0800399c                HAL_InitTick
 .text.HAL_IncTick
                0x080039fc       0x28 ./Drivers/STM32F4xx_HAL_Driver/Src/stm32f4xx_hal.o
                0x080039fc                HAL_IncTick
 .text.HAL_GetTick
                0x08003a24       0x18 ./Drivers/STM32F4xx_HAL_Driver/Src/stm32f4xx_hal.o
                0x08003a24                HAL_GetTick
 .text.HAL_Delay
                0x08003a3c       0x48 ./Drivers/STM32F4xx_HAL_Driver/Src/stm32f4xx_hal.o
                0x08003a3c                HAL_Delay
 .text.HAL_ADC_Init
                0x08003a84       0x86 ./Drivers/STM32F4xx_HAL_Driver/Src/stm32f4xx_hal_adc.o
                0x08003a84                HAL_ADC_Init
 *fill*         0x08003b0a        0x2 
 .text.HAL_ADC_Start
                0x08003b0c      0x168 ./Drivers/STM32F4xx_HAL_Driver/Src/stm32f4xx_hal_adc.o
                0x08003b0c                HAL_ADC_Start
 .text.HAL_ADC_ConfigChannel
                0x08003c74      0x244 ./Drivers/STM32F4xx_HAL_Driver/Src/stm32f4xx_hal_adc.o
                0x08003c74                HAL_ADC_ConfigChannel
 .text.ADC_Init
                0x08003eb8      0x1f8 ./Drivers/STM32F4xx_HAL_Driver/Src/stm32f4xx_hal_adc.o
 .text.__NVIC_SetPriorityGrouping
                0x080040b0       0x48 ./Drivers/STM32F4xx_HAL_Driver/Src/stm32f4xx_hal_cortex.o
 .text.__NVIC_GetPriorityGrouping
                0x080040f8       0x1c ./Drivers/STM32F4xx_HAL_Driver/Src/stm32f4xx_hal_cortex.o
 .text.__NVIC_EnableIRQ
                0x08004114       0x3c ./Drivers/STM32F4xx_HAL_Driver/Src/stm32f4xx_hal_cortex.o
 .text.__NVIC_SetPriority
                0x08004150       0x54 ./Drivers/STM32F4xx_HAL_Driver/Src/stm32f4xx_hal_cortex.o
 .text.NVIC_EncodePriority
                0x080041a4       0x66 ./Drivers/STM32F4xx_HAL_Driver/Src/stm32f4xx_hal_cortex.o
 *fill*         0x0800420a        0x2 
 .text.SysTick_Config
                0x0800420c       0x44 ./Drivers/STM32F4xx_HAL_Driver/Src/stm32f4xx_hal_cortex.o
 .text.HAL_NVIC_SetPriorityGrouping
                0x08004250       0x16 ./Drivers/STM32F4xx_HAL_Driver/Src/stm32f4xx_hal_cortex.o
                0x08004250                HAL_NVIC_SetPriorityGrouping
 .text.HAL_NVIC_SetPriority
                0x08004266       0x38 ./Drivers/STM32F4xx_HAL_Driver/Src/stm32f4xx_hal_cortex.o
                0x08004266                HAL_NVIC_SetPriority
 .text.HAL_NVIC_EnableIRQ
                0x0800429e       0x1c ./Drivers/STM32F4xx_HAL_Driver/Src/stm32f4xx_hal_cortex.o
                0x0800429e                HAL_NVIC_EnableIRQ
 .text.HAL_SYSTICK_Config
                0x080042ba       0x18 ./Drivers/STM32F4xx_HAL_Driver/Src/stm32f4xx_hal_cortex.o
                0x080042ba                HAL_SYSTICK_Config
 *fill*         0x080042d2        0x2 
 .text.HAL_DMA_Init
                0x080042d4      0x15c ./Drivers/STM32F4xx_HAL_Driver/Src/stm32f4xx_hal_dma.o
                0x080042d4                HAL_DMA_Init
 .text.HAL_DMA_Start_IT
                0x08004430       0xb0 ./Drivers/STM32F4xx_HAL_Driver/Src/stm32f4xx_hal_dma.o
                0x08004430                HAL_DMA_Start_IT
 .text.HAL_DMA_Abort_IT
                0x080044e0       0x44 ./Drivers/STM32F4xx_HAL_Driver/Src/stm32f4xx_hal_dma.o
                0x080044e0                HAL_DMA_Abort_IT
 .text.HAL_DMA_IRQHandler
                0x08004524      0x314 ./Drivers/STM32F4xx_HAL_Driver/Src/stm32f4xx_hal_dma.o
                0x08004524                HAL_DMA_IRQHandler
 .text.DMA_SetConfig
                0x08004838       0x5c ./Drivers/STM32F4xx_HAL_Driver/Src/stm32f4xx_hal_dma.o
 .text.DMA_CalcBaseAndBitshift
                0x08004894       0x6c ./Drivers/STM32F4xx_HAL_Driver/Src/stm32f4xx_hal_dma.o
 .text.DMA_CheckFifoParam
                0x08004900       0xf8 ./Drivers/STM32F4xx_HAL_Driver/Src/stm32f4xx_hal_dma.o
 .text.HAL_GPIO_Init
                0x080049f8      0x308 ./Drivers/STM32F4xx_HAL_Driver/Src/stm32f4xx_hal_gpio.o
                0x080049f8                HAL_GPIO_Init
 .text.HAL_GPIO_ReadPin
                0x08004d00       0x30 ./Drivers/STM32F4xx_HAL_Driver/Src/stm32f4xx_hal_gpio.o
                0x08004d00                HAL_GPIO_ReadPin
 .text.HAL_GPIO_WritePin
                0x08004d30       0x32 ./Drivers/STM32F4xx_HAL_Driver/Src/stm32f4xx_hal_gpio.o
                0x08004d30                HAL_GPIO_WritePin
 *fill*         0x08004d62        0x2 
 .text.HAL_I2C_Init
                0x08004d64      0x288 ./Drivers/STM32F4xx_HAL_Driver/Src/stm32f4xx_hal_i2c.o
                0x08004d64                HAL_I2C_Init
 .text.HAL_PWR_EnableBkUpAccess
                0x08004fec       0x28 ./Drivers/STM32F4xx_HAL_Driver/Src/stm32f4xx_hal_pwr.o
                0x08004fec                HAL_PWR_EnableBkUpAccess
 .text.HAL_RCC_OscConfig
                0x08005014      0x4f0 ./Drivers/STM32F4xx_HAL_Driver/Src/stm32f4xx_hal_rcc.o
                0x08005014                HAL_RCC_OscConfig
 .text.HAL_RCC_ClockConfig
                0x08005504      0x1cc ./Drivers/STM32F4xx_HAL_Driver/Src/stm32f4xx_hal_rcc.o
                0x08005504                HAL_RCC_ClockConfig
 .text.HAL_RCC_GetSysClockFreq
                0x080056d0      0x18c ./Drivers/STM32F4xx_HAL_Driver/Src/stm32f4xx_hal_rcc.o
                0x080056d0                HAL_RCC_GetSysClockFreq
 .text.HAL_RCC_GetHCLKFreq
                0x0800585c       0x18 ./Drivers/STM32F4xx_HAL_Driver/Src/stm32f4xx_hal_rcc.o
                0x0800585c                HAL_RCC_GetHCLKFreq
 .text.HAL_RCC_GetPCLK1Freq
                0x08005874       0x28 ./Drivers/STM32F4xx_HAL_Driver/Src/stm32f4xx_hal_rcc.o
                0x08005874                HAL_RCC_GetPCLK1Freq
 .text.HAL_RCC_GetPCLK2Freq
                0x0800589c       0x28 ./Drivers/STM32F4xx_HAL_Driver/Src/stm32f4xx_hal_rcc.o
                0x0800589c                HAL_RCC_GetPCLK2Freq
 .text.HAL_RCCEx_PeriphCLKConfig
                0x080058c4      0x1dc ./Drivers/STM32F4xx_HAL_Driver/Src/stm32f4xx_hal_rcc_ex.o
                0x080058c4                HAL_RCCEx_PeriphCLKConfig
 .text.HAL_RTC_Init
                0x08005aa0      0x106 ./Drivers/STM32F4xx_HAL_Driver/Src/stm32f4xx_hal_rtc.o
                0x08005aa0                HAL_RTC_Init
 .text.HAL_RTC_SetTime
                0x08005ba6      0x134 ./Drivers/STM32F4xx_HAL_Driver/Src/stm32f4xx_hal_rtc.o
                0x08005ba6                HAL_RTC_SetTime
 .text.HAL_RTC_GetTime
                0x08005cda       0xbc ./Drivers/STM32F4xx_HAL_Driver/Src/stm32f4xx_hal_rtc.o
                0x08005cda                HAL_RTC_GetTime
 .text.HAL_RTC_SetDate
                0x08005d96      0x108 ./Drivers/STM32F4xx_HAL_Driver/Src/stm32f4xx_hal_rtc.o
                0x08005d96                HAL_RTC_SetDate
 .text.HAL_RTC_GetDate
                0x08005e9e       0x9e ./Drivers/STM32F4xx_HAL_Driver/Src/stm32f4xx_hal_rtc.o
                0x08005e9e                HAL_RTC_GetDate
 .text.HAL_RTC_WaitForSynchro
                0x08005f3c       0x4c ./Drivers/STM32F4xx_HAL_Driver/Src/stm32f4xx_hal_rtc.o
                0x08005f3c                HAL_RTC_WaitForSynchro
 .text.RTC_EnterInitMode
                0x08005f88       0x6e ./Drivers/STM32F4xx_HAL_Driver/Src/stm32f4xx_hal_rtc.o
                0x08005f88                RTC_EnterInitMode
 .text.RTC_ExitInitMode
                0x08005ff6       0x4a ./Drivers/STM32F4xx_HAL_Driver/Src/stm32f4xx_hal_rtc.o
                0x08005ff6                RTC_ExitInitMode
 .text.RTC_ByteToBcd2
                0x08006040       0x3c ./Drivers/STM32F4xx_HAL_Driver/Src/stm32f4xx_hal_rtc.o
                0x08006040                RTC_ByteToBcd2
 .text.RTC_Bcd2ToByte
                0x0800607c       0x3c ./Drivers/STM32F4xx_HAL_Driver/Src/stm32f4xx_hal_rtc.o
                0x0800607c                RTC_Bcd2ToByte
 .text.HAL_SPI_Init
                0x080060b8      0x112 ./Drivers/STM32F4xx_HAL_Driver/Src/stm32f4xx_hal_spi.o
                0x080060b8                HAL_SPI_Init
 *fill*         0x080061ca        0x2 
 .text.HAL_SPI_Transmit_DMA
                0x080061cc      0x164 ./Drivers/STM32F4xx_HAL_Driver/Src/stm32f4xx_hal_spi.o
                0x080061cc                HAL_SPI_Transmit_DMA
 .text.HAL_SPI_IRQHandler
                0x08006330      0x1e8 ./Drivers/STM32F4xx_HAL_Driver/Src/stm32f4xx_hal_spi.o
                0x08006330                HAL_SPI_IRQHandler
 .text.HAL_SPI_TxHalfCpltCallback
                0x08006518       0x14 ./Drivers/STM32F4xx_HAL_Driver/Src/stm32f4xx_hal_spi.o
                0x08006518                HAL_SPI_TxHalfCpltCallback
 .text.HAL_SPI_ErrorCallback
                0x0800652c       0x14 ./Drivers/STM32F4xx_HAL_Driver/Src/stm32f4xx_hal_spi.o
                0x0800652c                HAL_SPI_ErrorCallback
 .text.SPI_DMATransmitCplt
                0x08006540       0xa8 ./Drivers/STM32F4xx_HAL_Driver/Src/stm32f4xx_hal_spi.o
 .text.SPI_DMAHalfTransmitCplt
                0x080065e8       0x1c ./Drivers/STM32F4xx_HAL_Driver/Src/stm32f4xx_hal_spi.o
 .text.SPI_DMAError
                0x08006604       0x40 ./Drivers/STM32F4xx_HAL_Driver/Src/stm32f4xx_hal_spi.o
 .text.SPI_DMAAbortOnError
                0x08006644       0x28 ./Drivers/STM32F4xx_HAL_Driver/Src/stm32f4xx_hal_spi.o
 .text.SPI_WaitFlagStateUntilTimeout
                0x0800666c      0x110 ./Drivers/STM32F4xx_HAL_Driver/Src/stm32f4xx_hal_spi.o
 .text.SPI_EndRxTxTransaction
                0x0800677c       0xa8 ./Drivers/STM32F4xx_HAL_Driver/Src/stm32f4xx_hal_spi.o
 .text.HAL_TIM_Base_Init
                0x08006824       0x9e ./Drivers/STM32F4xx_HAL_Driver/Src/stm32f4xx_hal_tim.o
                0x08006824                HAL_TIM_Base_Init
 *fill*         0x080068c2        0x2 
 .text.HAL_TIM_Base_Start_IT
                0x080068c4       0xc4 ./Drivers/STM32F4xx_HAL_Driver/Src/stm32f4xx_hal_tim.o
                0x080068c4                HAL_TIM_Base_Start_IT
 .text.HAL_TIM_PWM_Init
                0x08006988       0x9e ./Drivers/STM32F4xx_HAL_Driver/Src/stm32f4xx_hal_tim.o
                0x08006988                HAL_TIM_PWM_Init
 .text.HAL_TIM_PWM_MspInit
                0x08006a26       0x14 ./Drivers/STM32F4xx_HAL_Driver/Src/stm32f4xx_hal_tim.o
                0x08006a26                HAL_TIM_PWM_MspInit
 *fill*         0x08006a3a        0x2 
 .text.HAL_TIM_PWM_Start
                0x08006a3c      0x160 ./Drivers/STM32F4xx_HAL_Driver/Src/stm32f4xx_hal_tim.o
                0x08006a3c                HAL_TIM_PWM_Start
 .text.HAL_TIM_Encoder_Init
                0x08006b9c      0x14c ./Drivers/STM32F4xx_HAL_Driver/Src/stm32f4xx_hal_tim.o
                0x08006b9c                HAL_TIM_Encoder_Init
 .text.HAL_TIM_Encoder_Start_IT
                0x08006ce8      0x15c ./Drivers/STM32F4xx_HAL_Driver/Src/stm32f4xx_hal_tim.o
                0x08006ce8                HAL_TIM_Encoder_Start_IT
 .text.HAL_TIM_IRQHandler
                0x08006e44      0x1e0 ./Drivers/STM32F4xx_HAL_Driver/Src/stm32f4xx_hal_tim.o
                0x08006e44                HAL_TIM_IRQHandler
 .text.HAL_TIM_PWM_ConfigChannel
                0x08007024      0x184 ./Drivers/STM32F4xx_HAL_Driver/Src/stm32f4xx_hal_tim.o
                0x08007024                HAL_TIM_PWM_ConfigChannel
 .text.HAL_TIM_ConfigClockSource
                0x080071a8      0x18e ./Drivers/STM32F4xx_HAL_Driver/Src/stm32f4xx_hal_tim.o
                0x080071a8                HAL_TIM_ConfigClockSource
 .text.HAL_TIM_OC_DelayElapsedCallback
                0x08007336       0x14 ./Drivers/STM32F4xx_HAL_Driver/Src/stm32f4xx_hal_tim.o
                0x08007336                HAL_TIM_OC_DelayElapsedCallback
 .text.HAL_TIM_PWM_PulseFinishedCallback
                0x0800734a       0x14 ./Drivers/STM32F4xx_HAL_Driver/Src/stm32f4xx_hal_tim.o
                0x0800734a                HAL_TIM_PWM_PulseFinishedCallback
 .text.HAL_TIM_TriggerCallback
                0x0800735e       0x14 ./Drivers/STM32F4xx_HAL_Driver/Src/stm32f4xx_hal_tim.o
                0x0800735e                HAL_TIM_TriggerCallback
 *fill*         0x08007372        0x2 
 .text.TIM_Base_SetConfig
                0x08007374      0x118 ./Drivers/STM32F4xx_HAL_Driver/Src/stm32f4xx_hal_tim.o
                0x08007374                TIM_Base_SetConfig
 .text.TIM_OC1_SetConfig
                0x0800748c       0xcc ./Drivers/STM32F4xx_HAL_Driver/Src/stm32f4xx_hal_tim.o
 .text.TIM_OC2_SetConfig
                0x08007558       0xd8 ./Drivers/STM32F4xx_HAL_Driver/Src/stm32f4xx_hal_tim.o
                0x08007558                TIM_OC2_SetConfig
 .text.TIM_OC3_SetConfig
                0x08007630       0xd4 ./Drivers/STM32F4xx_HAL_Driver/Src/stm32f4xx_hal_tim.o
 .text.TIM_OC4_SetConfig
                0x08007704       0xa0 ./Drivers/STM32F4xx_HAL_Driver/Src/stm32f4xx_hal_tim.o
 .text.TIM_TI1_ConfigInputStage
                0x080077a4       0x5e ./Drivers/STM32F4xx_HAL_Driver/Src/stm32f4xx_hal_tim.o
 .text.TIM_TI2_ConfigInputStage
                0x08007802       0x60 ./Drivers/STM32F4xx_HAL_Driver/Src/stm32f4xx_hal_tim.o
 .text.TIM_ITRx_SetConfig
                0x08007862       0x36 ./Drivers/STM32F4xx_HAL_Driver/Src/stm32f4xx_hal_tim.o
 .text.TIM_ETR_SetConfig
                0x08007898       0x40 ./Drivers/STM32F4xx_HAL_Driver/Src/stm32f4xx_hal_tim.o
                0x08007898                TIM_ETR_SetConfig
 .text.TIM_CCxChannelCmd
                0x080078d8       0x4a ./Drivers/STM32F4xx_HAL_Driver/Src/stm32f4xx_hal_tim.o
                0x080078d8                TIM_CCxChannelCmd
 *fill*         0x08007922        0x2 
 .text.HAL_TIMEx_MasterConfigSynchronization
                0x08007924       0xdc ./Drivers/STM32F4xx_HAL_Driver/Src/stm32f4xx_hal_tim_ex.o
                0x08007924                HAL_TIMEx_MasterConfigSynchronization
 .text.HAL_TIMEx_ConfigBreakDeadTime
                0x08007a00       0xa4 ./Drivers/STM32F4xx_HAL_Driver/Src/stm32f4xx_hal_tim_ex.o
                0x08007a00                HAL_TIMEx_ConfigBreakDeadTime
 .text.HAL_TIMEx_CommutCallback
                0x08007aa4       0x14 ./Drivers/STM32F4xx_HAL_Driver/Src/stm32f4xx_hal_tim_ex.o
                0x08007aa4                HAL_TIMEx_CommutCallback
 .text.HAL_TIMEx_BreakCallback
                0x08007ab8       0x14 ./Drivers/STM32F4xx_HAL_Driver/Src/stm32f4xx_hal_tim_ex.o
                0x08007ab8                HAL_TIMEx_BreakCallback
 .text.HAL_UART_Init
                0x08007acc       0xa0 ./Drivers/STM32F4xx_HAL_Driver/Src/stm32f4xx_hal_uart.o
                0x08007acc                HAL_UART_Init
 .text.HAL_UART_Receive_DMA
                0x08007b6c       0x4a ./Drivers/STM32F4xx_HAL_Driver/Src/stm32f4xx_hal_uart.o
                0x08007b6c                HAL_UART_Receive_DMA
 .text.HAL_UART_RxCpltCallback
                0x08007bb6       0x14 ./Drivers/STM32F4xx_HAL_Driver/Src/stm32f4xx_hal_uart.o
                0x08007bb6                HAL_UART_RxCpltCallback
 .text.HAL_UART_RxHalfCpltCallback
                0x08007bca       0x14 ./Drivers/STM32F4xx_HAL_Driver/Src/stm32f4xx_hal_uart.o
                0x08007bca                HAL_UART_RxHalfCpltCallback
 .text.HAL_UART_ErrorCallback
                0x08007bde       0x14 ./Drivers/STM32F4xx_HAL_Driver/Src/stm32f4xx_hal_uart.o
                0x08007bde                HAL_UART_ErrorCallback
 .text.HAL_UARTEx_RxEventCallback
                0x08007bf2       0x18 ./Drivers/STM32F4xx_HAL_Driver/Src/stm32f4xx_hal_uart.o
                0x08007bf2                HAL_UARTEx_RxEventCallback
 .text.UART_DMAReceiveCplt
                0x08007c0a      0x12c ./Drivers/STM32F4xx_HAL_Driver/Src/stm32f4xx_hal_uart.o
 .text.UART_DMARxHalfCplt
                0x08007d36       0x3c ./Drivers/STM32F4xx_HAL_Driver/Src/stm32f4xx_hal_uart.o
 .text.UART_DMAError
                0x08007d72       0x94 ./Drivers/STM32F4xx_HAL_Driver/Src/stm32f4xx_hal_uart.o
 *fill*         0x08007e06        0x2 
 .text.UART_Start_Receive_DMA
                0x08007e08      0x134 ./Drivers/STM32F4xx_HAL_Driver/Src/stm32f4xx_hal_uart.o
                0x08007e08                UART_Start_Receive_DMA
 .text.UART_EndTxTransfer
                0x08007f3c       0x50 ./Drivers/STM32F4xx_HAL_Driver/Src/stm32f4xx_hal_uart.o
 .text.UART_EndRxTransfer
                0x08007f8c       0xc6 ./Drivers/STM32F4xx_HAL_Driver/Src/stm32f4xx_hal_uart.o
 *fill*         0x08008052        0x2 
 .text.UART_SetConfig
                0x08008054      0x4e8 ./Drivers/STM32F4xx_HAL_Driver/Src/stm32f4xx_hal_uart.o
 .text.memset   0x0800853c       0x10 C:/ST/STM32CubeIDE_1.16.1/STM32CubeIDE/plugins/com.st.stm32cube.ide.mcu.externaltools.gnu-tools-for-stm32.12.3.rel1.win32_1.0.200.202406191623/tools/bin/../lib/gcc/arm-none-eabi/12.3.1/../../../../arm-none-eabi/lib/thumb/v7e-m+fp/hard\libc_nano.a(libc_a-memset.o)
                0x0800853c                memset
 .text.strncmp  0x0800854c       0x24 C:/ST/STM32CubeIDE_1.16.1/STM32CubeIDE/plugins/com.st.stm32cube.ide.mcu.externaltools.gnu-tools-for-stm32.12.3.rel1.win32_1.0.200.202406191623/tools/bin/../lib/gcc/arm-none-eabi/12.3.1/../../../../arm-none-eabi/lib/thumb/v7e-m+fp/hard\libc_nano.a(libc_a-strncmp.o)
                0x0800854c                strncmp
 .text.strncpy  0x08008570       0x26 C:/ST/STM32CubeIDE_1.16.1/STM32CubeIDE/plugins/com.st.stm32cube.ide.mcu.externaltools.gnu-tools-for-stm32.12.3.rel1.win32_1.0.200.202406191623/tools/bin/../lib/gcc/arm-none-eabi/12.3.1/../../../../arm-none-eabi/lib/thumb/v7e-m+fp/hard\libc_nano.a(libc_a-strncpy.o)
                0x08008570                strncpy
 *fill*         0x08008596        0x2 
 .text.__libc_init_array
                0x08008598       0x48 C:/ST/STM32CubeIDE_1.16.1/STM32CubeIDE/plugins/com.st.stm32cube.ide.mcu.externaltools.gnu-tools-for-stm32.12.3.rel1.win32_1.0.200.202406191623/tools/bin/../lib/gcc/arm-none-eabi/12.3.1/../../../../arm-none-eabi/lib/thumb/v7e-m+fp/hard\libc_nano.a(libc_a-init.o)
                0x08008598                __libc_init_array
 *(.glue_7)
 .glue_7        0x080085e0        0x0 linker stubs
 *(.glue_7t)
 .glue_7t       0x080085e0        0x0 linker stubs
 *(.eh_frame)
 .eh_frame      0x080085e0        0x0 C:/ST/STM32CubeIDE_1.16.1/STM32CubeIDE/plugins/com.st.stm32cube.ide.mcu.externaltools.gnu-tools-for-stm32.12.3.rel1.win32_1.0.200.202406191623/tools/bin/../lib/gcc/arm-none-eabi/12.3.1/thumb/v7e-m+fp/hard/crtbegin.o
 *(.init)
 .init          0x080085e0        0x4 C:/ST/STM32CubeIDE_1.16.1/STM32CubeIDE/plugins/com.st.stm32cube.ide.mcu.externaltools.gnu-tools-for-stm32.12.3.rel1.win32_1.0.200.202406191623/tools/bin/../lib/gcc/arm-none-eabi/12.3.1/thumb/v7e-m+fp/hard/crti.o
                0x080085e0                _init
 .init          0x080085e4        0x8 C:/ST/STM32CubeIDE_1.16.1/STM32CubeIDE/plugins/com.st.stm32cube.ide.mcu.externaltools.gnu-tools-for-stm32.12.3.rel1.win32_1.0.200.202406191623/tools/bin/../lib/gcc/arm-none-eabi/12.3.1/thumb/v7e-m+fp/hard/crtn.o
 *(.fini)
 .fini          0x080085ec        0x4 C:/ST/STM32CubeIDE_1.16.1/STM32CubeIDE/plugins/com.st.stm32cube.ide.mcu.externaltools.gnu-tools-for-stm32.12.3.rel1.win32_1.0.200.202406191623/tools/bin/../lib/gcc/arm-none-eabi/12.3.1/thumb/v7e-m+fp/hard/crti.o
                0x080085ec                _fini
 .fini          0x080085f0        0x8 C:/ST/STM32CubeIDE_1.16.1/STM32CubeIDE/plugins/com.st.stm32cube.ide.mcu.externaltools.gnu-tools-for-stm32.12.3.rel1.win32_1.0.200.202406191623/tools/bin/../lib/gcc/arm-none-eabi/12.3.1/thumb/v7e-m+fp/hard/crtn.o
                0x080085f8                        . = ALIGN (0x4)
                0x080085f8                        _etext = .

.vfp11_veneer   0x080085f8        0x0
 .vfp11_veneer  0x080085f8        0x0 linker stubs

.v4_bx          0x080085f8        0x0
 .v4_bx         0x080085f8        0x0 linker stubs

.iplt           0x080085f8        0x0
 .iplt          0x080085f8        0x0 C:/ST/STM32CubeIDE_1.16.1/STM32CubeIDE/plugins/com.st.stm32cube.ide.mcu.externaltools.gnu-tools-for-stm32.12.3.rel1.win32_1.0.200.202406191623/tools/bin/../lib/gcc/arm-none-eabi/12.3.1/thumb/v7e-m+fp/hard/crtbegin.o

.rodata         0x080085f8       0xe8
                0x080085f8                        . = ALIGN (0x4)
 *(.rodata)
 .rodata        0x080085f8       0x1f ./Core/Src/gps_parser.o
 *fill*         0x08008617        0x1 
 .rodata        0x08008618        0x6 ./Core/Src/main.o
 *(.rodata*)
 *fill*         0x0800861e        0x2 
 .rodata.segmentMap
                0x08008620       0x2a ./Core/Src/display.o
 *fill*         0x0800864a        0x2 
 .rodata.gamma_table
                0x0800864c       0x65 ./Core/Src/display.o
 *fill*         0x080086b1        0x3 
 .rodata.daysTable.0
                0x080086b4        0xc ./Core/Src/gps_parser.o
 .rodata.AHBPrescTable
                0x080086c0       0x10 ./Core/Src/system_stm32f4xx.o
                0x080086c0                AHBPrescTable
 .rodata.APBPrescTable
                0x080086d0        0x8 ./Core/Src/system_stm32f4xx.o
                0x080086d0                APBPrescTable
 .rodata.flagBitshiftOffset.0
                0x080086d8        0x8 ./Drivers/STM32F4xx_HAL_Driver/Src/stm32f4xx_hal_dma.o
                0x080086e0                        . = ALIGN (0x4)

.ARM.extab      0x080086e0        0x0
                0x080086e0                        . = ALIGN (0x4)
 *(.ARM.extab* .gnu.linkonce.armextab.*)
                0x080086e0                        . = ALIGN (0x4)

.ARM            0x080086e0        0x8
                0x080086e0                        . = ALIGN (0x4)
                0x080086e0                        __exidx_start = .
 *(.ARM.exidx*)
 .ARM.exidx     0x080086e0        0x8 C:/ST/STM32CubeIDE_1.16.1/STM32CubeIDE/plugins/com.st.stm32cube.ide.mcu.externaltools.gnu-tools-for-stm32.12.3.rel1.win32_1.0.200.202406191623/tools/bin/../lib/gcc/arm-none-eabi/12.3.1/thumb/v7e-m+fp/hard\libgcc.a(_udivmoddi4.o)
                0x080086e8                        __exidx_end = .
                0x080086e8                        . = ALIGN (0x4)

.preinit_array  0x080086e8        0x0
                0x080086e8                        . = ALIGN (0x4)
                0x080086e8                        PROVIDE (__preinit_array_start = .)
 *(.preinit_array*)
                0x080086e8                        PROVIDE (__preinit_array_end = .)
                0x080086e8                        . = ALIGN (0x4)

.init_array     0x080086e8        0x4
                0x080086e8                        . = ALIGN (0x4)
                0x080086e8                        PROVIDE (__init_array_start = .)
 *(SORT_BY_NAME(.init_array.*))
 *(.init_array*)
 .init_array    0x080086e8        0x4 C:/ST/STM32CubeIDE_1.16.1/STM32CubeIDE/plugins/com.st.stm32cube.ide.mcu.externaltools.gnu-tools-for-stm32.12.3.rel1.win32_1.0.200.202406191623/tools/bin/../lib/gcc/arm-none-eabi/12.3.1/thumb/v7e-m+fp/hard/crtbegin.o
                0x080086ec                        PROVIDE (__init_array_end = .)
                0x080086ec                        . = ALIGN (0x4)

.fini_array     0x080086ec        0x4
                0x080086ec                        . = ALIGN (0x4)
                [!provide]                        PROVIDE (__fini_array_start = .)
 *(SORT_BY_NAME(.fini_array.*))
 *(.fini_array*)
 .fini_array    0x080086ec        0x4 C:/ST/STM32CubeIDE_1.16.1/STM32CubeIDE/plugins/com.st.stm32cube.ide.mcu.externaltools.gnu-tools-for-stm32.12.3.rel1.win32_1.0.200.202406191623/tools/bin/../lib/gcc/arm-none-eabi/12.3.1/thumb/v7e-m+fp/hard/crtbegin.o
                [!provide]                        PROVIDE (__fini_array_end = .)
                0x080086f0                        . = ALIGN (0x4)
                0x080086f0                        _sidata = LOADADDR (.data)

.rel.dyn        0x080086f0        0x0
 .rel.iplt      0x080086f0        0x0 C:/ST/STM32CubeIDE_1.16.1/STM32CubeIDE/plugins/com.st.stm32cube.ide.mcu.externaltools.gnu-tools-for-stm32.12.3.rel1.win32_1.0.200.202406191623/tools/bin/../lib/gcc/arm-none-eabi/12.3.1/thumb/v7e-m+fp/hard/crtbegin.o

.data           0x20000000       0x3c load address 0x080086f0
                0x20000000                        . = ALIGN (0x4)
                0x20000000                        _sdata = .
 *(.data)
 *(.data*)
 .data.buttons  0x20000000       0x30 ./Core/Src/button.o
                0x20000000                buttons
 .data.SystemCoreClock
                0x20000030        0x4 ./Core/Src/system_stm32f4xx.o
                0x20000030                SystemCoreClock
 .data.uwTickPrio
                0x20000034        0x4 ./Drivers/STM32F4xx_HAL_Driver/Src/stm32f4xx_hal.o
                0x20000034                uwTickPrio
 .data.uwTickFreq
                0x20000038        0x1 ./Drivers/STM32F4xx_HAL_Driver/Src/stm32f4xx_hal.o
                0x20000038                uwTickFreq
 *(.RamFunc)
 *(.RamFunc*)
                0x2000003c                        . = ALIGN (0x4)
 *fill*         0x20000039        0x3 
                0x2000003c                        _edata = .

.igot.plt       0x2000003c        0x0 load address 0x0800872c
 .igot.plt      0x2000003c        0x0 C:/ST/STM32CubeIDE_1.16.1/STM32CubeIDE/plugins/com.st.stm32cube.ide.mcu.externaltools.gnu-tools-for-stm32.12.3.rel1.win32_1.0.200.202406191623/tools/bin/../lib/gcc/arm-none-eabi/12.3.1/thumb/v7e-m+fp/hard/crtbegin.o
                0x2000003c                        . = ALIGN (0x4)

.bss            0x2000003c      0x8e4 load address 0x0800872c
                0x2000003c                        _sbss = .
                0x2000003c                        __bss_start__ = _sbss
 *(.bss)
 .bss           0x2000003c       0x1c C:/ST/STM32CubeIDE_1.16.1/STM32CubeIDE/plugins/com.st.stm32cube.ide.mcu.externaltools.gnu-tools-for-stm32.12.3.rel1.win32_1.0.200.202406191623/tools/bin/../lib/gcc/arm-none-eabi/12.3.1/thumb/v7e-m+fp/hard/crtbegin.o
 *(.bss*)
 .bss.hadc1     0x20000058       0x48 ./Core/Src/adc.o
                0x20000058                hadc1
 .bss.counter   0x200000a0        0x1 ./Core/Src/button.o
                0x200000a0                counter
 .bss.spiTransferInProgress
                0x200000a1        0x1 ./Core/Src/display.o
                0x200000a1                spiTransferInProgress
 *fill*         0x200000a2        0x2 
 .bss.spiTxBuffer.0
                0x200000a4       0x18 ./Core/Src/display.o
 .bss.DOW       0x200000bc        0x1 ./Core/Src/gps_parser.o
                0x200000bc                DOW
 .bss.colon     0x200000bd        0x1 ./Core/Src/gps_parser.o
                0x200000bd                colon
 *fill*         0x200000be        0x2 
 .bss.gps_dma_buffer
                0x200000c0      0x400 ./Core/Src/gps_parser.o
                0x200000c0                gps_dma_buffer
 .bss.gps_data  0x200004c0        0x8 ./Core/Src/gps_parser.o
                0x200004c0                gps_data
 .bss.old_pos   0x200004c8        0x2 ./Core/Src/gps_parser.o
 .bss.lineIndex.2
                0x200004ca        0x1 ./Core/Src/gps_parser.o
 *fill*         0x200004cb        0x1 
 .bss.lineBuf.1
                0x200004cc       0x80 ./Core/Src/gps_parser.o
 .bss.hi2c2     0x2000054c       0x54 ./Core/Src/i2c.o
                0x2000054c                hi2c2
 .bss.hdma_i2c2_rx
                0x200005a0       0x60 ./Core/Src/i2c.o
                0x200005a0                hdma_i2c2_rx
 .bss.hdma_i2c2_tx
                0x20000600       0x60 ./Core/Src/i2c.o
                0x20000600                hdma_i2c2_tx
 .bss.sTime     0x20000660       0x14 ./Core/Src/main.o
                0x20000660                sTime
 .bss.sDate     0x20000674        0x4 ./Core/Src/main.o
                0x20000674                sDate
 .bss.encoderValue
                0x20000678        0x4 ./Core/Src/main.o
                0x20000678                encoderValue
 .bss.systemTicks
                0x2000067c        0x4 ./Core/Src/main.o
                0x2000067c                systemTicks
 .bss.clockReg  0x20000680       0x18 ./Core/Src/main.o
                0x20000680                clockReg
 .bss.hrtc      0x20000698       0x20 ./Core/Src/rtc.o
                0x20000698                hrtc
 .bss.buffer    0x200006b8       0x12 ./Core/Src/slider.o
 .bss.isScrolling
                0x200006ca        0x1 ./Core/Src/slider.o
 .bss.scrollPhase
                0x200006cb        0x1 ./Core/Src/slider.o
 .bss.currentDirection
                0x200006cc        0x1 ./Core/Src/slider.o
 .bss.displayNumberPending
                0x200006cd        0x1 ./Core/Src/slider.o
 *fill*         0x200006ce        0x2 
 .bss.pendingNumberToDisplay
                0x200006d0        0x4 ./Core/Src/slider.o
 .bss.windowIndex
                0x200006d4        0x2 ./Core/Src/slider.o
 .bss.scrollSpeedCounter
                0x200006d6        0x1 ./Core/Src/slider.o
 .bss.doStayForever
                0x200006d7        0x1 ./Core/Src/slider.o
 .bss.doPauseThenOut
                0x200006d8        0x1 ./Core/Src/slider.o
 *fill*         0x200006d9        0x3 
 .bss.pauseCounter
                0x200006dc        0x4 ./Core/Src/slider.o
 .bss.pauseTicks
                0x200006e0        0x4 ./Core/Src/slider.o
 .bss.hspi1     0x200006e4       0x58 ./Core/Src/spi.o
                0x200006e4                hspi1
 .bss.hdma_spi1_tx
                0x2000073c       0x60 ./Core/Src/spi.o
                0x2000073c                hdma_spi1_tx
 .bss.htim1     0x2000079c       0x48 ./Core/Src/tim.o
                0x2000079c                htim1
 .bss.htim4     0x200007e4       0x48 ./Core/Src/tim.o
                0x200007e4                htim4
 .bss.htim5     0x2000082c       0x48 ./Core/Src/tim.o
                0x2000082c                htim5
 .bss.huart1    0x20000874       0x48 ./Core/Src/usart.o
                0x20000874                huart1
 .bss.hdma_usart1_rx
                0x200008bc       0x60 ./Core/Src/usart.o
                0x200008bc                hdma_usart1_rx
 .bss.uwTick    0x2000091c        0x4 ./Drivers/STM32F4xx_HAL_Driver/Src/stm32f4xx_hal.o
                0x2000091c                uwTick
 *(COMMON)
                0x20000920                        . = ALIGN (0x4)
                0x20000920                        _ebss = .
                0x20000920                        __bss_end__ = _ebss

._user_heap_stack
                0x20000920      0x600 load address 0x0800872c
                0x20000920                        . = ALIGN (0x8)
                [!provide]                        PROVIDE (end = .)
                0x20000920                        PROVIDE (_end = .)
                0x20000b20                        . = (. + _Min_Heap_Size)
 *fill*         0x20000920      0x200 
                0x20000f20                        . = (. + _Min_Stack_Size)
 *fill*         0x20000b20      0x400 
                0x20000f20                        . = ALIGN (0x8)

/DISCARD/
 libc.a(*)
 libm.a(*)
 libgcc.a(*)

.ARM.attributes
                0x00000000       0x30
 *(.ARM.attributes)
 .ARM.attributes
                0x00000000       0x22 C:/ST/STM32CubeIDE_1.16.1/STM32CubeIDE/plugins/com.st.stm32cube.ide.mcu.externaltools.gnu-tools-for-stm32.12.3.rel1.win32_1.0.200.202406191623/tools/bin/../lib/gcc/arm-none-eabi/12.3.1/thumb/v7e-m+fp/hard/crti.o
 .ARM.attributes
                0x00000022       0x34 C:/ST/STM32CubeIDE_1.16.1/STM32CubeIDE/plugins/com.st.stm32cube.ide.mcu.externaltools.gnu-tools-for-stm32.12.3.rel1.win32_1.0.200.202406191623/tools/bin/../lib/gcc/arm-none-eabi/12.3.1/thumb/v7e-m+fp/hard/crtbegin.o
 .ARM.attributes
                0x00000056       0x34 ./Core/Src/adc.o
 .ARM.attributes
                0x0000008a       0x34 ./Core/Src/button.o
 .ARM.attributes
                0x000000be       0x34 ./Core/Src/display.o
 .ARM.attributes
                0x000000f2       0x34 ./Core/Src/dma.o
 .ARM.attributes
                0x00000126       0x34 ./Core/Src/gpio.o
 .ARM.attributes
                0x0000015a       0x34 ./Core/Src/gps_parser.o
 .ARM.attributes
                0x0000018e       0x34 ./Core/Src/i2c.o
 .ARM.attributes
                0x000001c2       0x34 ./Core/Src/main.o
 .ARM.attributes
                0x000001f6       0x34 ./Core/Src/rtc.o
 .ARM.attributes
                0x0000022a       0x34 ./Core/Src/slider.o
 .ARM.attributes
                0x0000025e       0x34 ./Core/Src/spi.o
 .ARM.attributes
                0x00000292       0x34 ./Core/Src/stm32f4xx_hal_msp.o
 .ARM.attributes
                0x000002c6       0x34 ./Core/Src/stm32f4xx_it.o
 .ARM.attributes
                0x000002fa       0x34 ./Core/Src/system_stm32f4xx.o
 .ARM.attributes
                0x0000032e       0x34 ./Core/Src/tim.o
 .ARM.attributes
                0x00000362       0x34 ./Core/Src/usart.o
 .ARM.attributes
                0x00000396       0x21 ./Core/Startup/startup_stm32f401ccux.o
 .ARM.attributes
                0x000003b7       0x34 ./Drivers/STM32F4xx_HAL_Driver/Src/stm32f4xx_hal.o
 .ARM.attributes
                0x000003eb       0x34 ./Drivers/STM32F4xx_HAL_Driver/Src/stm32f4xx_hal_adc.o
 .ARM.attributes
                0x0000041f       0x34 ./Drivers/STM32F4xx_HAL_Driver/Src/stm32f4xx_hal_cortex.o
 .ARM.attributes
                0x00000453       0x34 ./Drivers/STM32F4xx_HAL_Driver/Src/stm32f4xx_hal_dma.o
 .ARM.attributes
                0x00000487       0x34 ./Drivers/STM32F4xx_HAL_Driver/Src/stm32f4xx_hal_gpio.o
 .ARM.attributes
                0x000004bb       0x34 ./Drivers/STM32F4xx_HAL_Driver/Src/stm32f4xx_hal_i2c.o
 .ARM.attributes
                0x000004ef       0x34 ./Drivers/STM32F4xx_HAL_Driver/Src/stm32f4xx_hal_pwr.o
 .ARM.attributes
                0x00000523       0x34 ./Drivers/STM32F4xx_HAL_Driver/Src/stm32f4xx_hal_rcc.o
 .ARM.attributes
                0x00000557       0x34 ./Drivers/STM32F4xx_HAL_Driver/Src/stm32f4xx_hal_rcc_ex.o
 .ARM.attributes
                0x0000058b       0x34 ./Drivers/STM32F4xx_HAL_Driver/Src/stm32f4xx_hal_rtc.o
 .ARM.attributes
                0x000005bf       0x34 ./Drivers/STM32F4xx_HAL_Driver/Src/stm32f4xx_hal_spi.o
 .ARM.attributes
                0x000005f3       0x34 ./Drivers/STM32F4xx_HAL_Driver/Src/stm32f4xx_hal_tim.o
 .ARM.attributes
                0x00000627       0x34 ./Drivers/STM32F4xx_HAL_Driver/Src/stm32f4xx_hal_tim_ex.o
 .ARM.attributes
                0x0000065b       0x34 ./Drivers/STM32F4xx_HAL_Driver/Src/stm32f4xx_hal_uart.o
 .ARM.attributes
                0x0000068f       0x34 C:/ST/STM32CubeIDE_1.16.1/STM32CubeIDE/plugins/com.st.stm32cube.ide.mcu.externaltools.gnu-tools-for-stm32.12.3.rel1.win32_1.0.200.202406191623/tools/bin/../lib/gcc/arm-none-eabi/12.3.1/../../../../arm-none-eabi/lib/thumb/v7e-m+fp/hard\libc_nano.a(libc_a-memset.o)
 .ARM.attributes
                0x000006c3       0x34 C:/ST/STM32CubeIDE_1.16.1/STM32CubeIDE/plugins/com.st.stm32cube.ide.mcu.externaltools.gnu-tools-for-stm32.12.3.rel1.win32_1.0.200.202406191623/tools/bin/../lib/gcc/arm-none-eabi/12.3.1/../../../../arm-none-eabi/lib/thumb/v7e-m+fp/hard\libc_nano.a(libc_a-strncmp.o)
 .ARM.attributes
                0x000006f7       0x34 C:/ST/STM32CubeIDE_1.16.1/STM32CubeIDE/plugins/com.st.stm32cube.ide.mcu.externaltools.gnu-tools-for-stm32.12.3.rel1.win32_1.0.200.202406191623/tools/bin/../lib/gcc/arm-none-eabi/12.3.1/../../../../arm-none-eabi/lib/thumb/v7e-m+fp/hard\libc_nano.a(libc_a-strncpy.o)
 .ARM.attributes
                0x0000072b       0x34 C:/ST/STM32CubeIDE_1.16.1/STM32CubeIDE/plugins/com.st.stm32cube.ide.mcu.externaltools.gnu-tools-for-stm32.12.3.rel1.win32_1.0.200.202406191623/tools/bin/../lib/gcc/arm-none-eabi/12.3.1/../../../../arm-none-eabi/lib/thumb/v7e-m+fp/hard\libc_nano.a(libc_a-init.o)
 .ARM.attributes
                0x0000075f       0x22 C:/ST/STM32CubeIDE_1.16.1/STM32CubeIDE/plugins/com.st.stm32cube.ide.mcu.externaltools.gnu-tools-for-stm32.12.3.rel1.win32_1.0.200.202406191623/tools/bin/../lib/gcc/arm-none-eabi/12.3.1/thumb/v7e-m+fp/hard\libgcc.a(_aeabi_uldivmod.o)
 .ARM.attributes
                0x00000781       0x34 C:/ST/STM32CubeIDE_1.16.1/STM32CubeIDE/plugins/com.st.stm32cube.ide.mcu.externaltools.gnu-tools-for-stm32.12.3.rel1.win32_1.0.200.202406191623/tools/bin/../lib/gcc/arm-none-eabi/12.3.1/thumb/v7e-m+fp/hard\libgcc.a(_udivmoddi4.o)
 .ARM.attributes
                0x000007b5       0x22 C:/ST/STM32CubeIDE_1.16.1/STM32CubeIDE/plugins/com.st.stm32cube.ide.mcu.externaltools.gnu-tools-for-stm32.12.3.rel1.win32_1.0.200.202406191623/tools/bin/../lib/gcc/arm-none-eabi/12.3.1/thumb/v7e-m+fp/hard\libgcc.a(_dvmd_tls.o)
 .ARM.attributes
                0x000007d7       0x22 C:/ST/STM32CubeIDE_1.16.1/STM32CubeIDE/plugins/com.st.stm32cube.ide.mcu.externaltools.gnu-tools-for-stm32.12.3.rel1.win32_1.0.200.202406191623/tools/bin/../lib/gcc/arm-none-eabi/12.3.1/thumb/v7e-m+fp/hard/crtn.o
OUTPUT(ZegarDuzy14.elf elf32-littlearm)
LOAD linker stubs
LOAD C:/ST/STM32CubeIDE_1.16.1/STM32CubeIDE/plugins/com.st.stm32cube.ide.mcu.externaltools.gnu-tools-for-stm32.12.3.rel1.win32_1.0.200.202406191623/tools/bin/../lib/gcc/arm-none-eabi/12.3.1/../../../../arm-none-eabi/lib/thumb/v7e-m+fp/hard\libc.a
LOAD C:/ST/STM32CubeIDE_1.16.1/STM32CubeIDE/plugins/com.st.stm32cube.ide.mcu.externaltools.gnu-tools-for-stm32.12.3.rel1.win32_1.0.200.202406191623/tools/bin/../lib/gcc/arm-none-eabi/12.3.1/../../../../arm-none-eabi/lib/thumb/v7e-m+fp/hard\libm.a
LOAD C:/ST/STM32CubeIDE_1.16.1/STM32CubeIDE/plugins/com.st.stm32cube.ide.mcu.externaltools.gnu-tools-for-stm32.12.3.rel1.win32_1.0.200.202406191623/tools/bin/../lib/gcc/arm-none-eabi/12.3.1/thumb/v7e-m+fp/hard\libgcc.a

.debug_info     0x00000000    0x19fe6
 .debug_info    0x00000000      0x9c6 ./Core/Src/adc.o
 .debug_info    0x000009c6      0xa5e ./Core/Src/button.o
 .debug_info    0x00001424     0x123f ./Core/Src/display.o
 .debug_info    0x00002663      0x458 ./Core/Src/dma.o
 .debug_info    0x00002abb      0x433 ./Core/Src/gpio.o
 .debug_info    0x00002eee      0xdc7 ./Core/Src/gps_parser.o
 .debug_info    0x00003cb5      0x9f0 ./Core/Src/i2c.o
 .debug_info    0x000046a5     0x19ad ./Core/Src/main.o
 .debug_info    0x00006052      0x691 ./Core/Src/rtc.o
 .debug_info    0x000066e3      0x5ad ./Core/Src/slider.o
 .debug_info    0x00006c90      0xb97 ./Core/Src/spi.o
 .debug_info    0x00007827      0x291 ./Core/Src/stm32f4xx_hal_msp.o
 .debug_info    0x00007ab8      0xa63 ./Core/Src/stm32f4xx_it.o
 .debug_info    0x0000851b      0x53e ./Core/Src/system_stm32f4xx.o
 .debug_info    0x00008a59     0x109c ./Core/Src/tim.o
 .debug_info    0x00009af5      0x98b ./Core/Src/usart.o
 .debug_info    0x0000a480       0x30 ./Core/Startup/startup_stm32f401ccux.o
 .debug_info    0x0000a4b0      0x8bb ./Drivers/STM32F4xx_HAL_Driver/Src/stm32f4xx_hal.o
 .debug_info    0x0000ad6b      0xcd1 ./Drivers/STM32F4xx_HAL_Driver/Src/stm32f4xx_hal_adc.o
 .debug_info    0x0000ba3c      0xcf6 ./Drivers/STM32F4xx_HAL_Driver/Src/stm32f4xx_hal_cortex.o
 .debug_info    0x0000c732      0x8e6 ./Drivers/STM32F4xx_HAL_Driver/Src/stm32f4xx_hal_dma.o
 .debug_info    0x0000d018      0x6f9 ./Drivers/STM32F4xx_HAL_Driver/Src/stm32f4xx_hal_gpio.o
 .debug_info    0x0000d711     0x2426 ./Drivers/STM32F4xx_HAL_Driver/Src/stm32f4xx_hal_i2c.o
 .debug_info    0x0000fb37      0x71b ./Drivers/STM32F4xx_HAL_Driver/Src/stm32f4xx_hal_pwr.o
 .debug_info    0x00010252      0x8f1 ./Drivers/STM32F4xx_HAL_Driver/Src/stm32f4xx_hal_rcc.o
 .debug_info    0x00010b43      0x570 ./Drivers/STM32F4xx_HAL_Driver/Src/stm32f4xx_hal_rcc_ex.o
 .debug_info    0x000110b3      0xc43 ./Drivers/STM32F4xx_HAL_Driver/Src/stm32f4xx_hal_rtc.o
 .debug_info    0x00011cf6     0x1530 ./Drivers/STM32F4xx_HAL_Driver/Src/stm32f4xx_hal_spi.o
 .debug_info    0x00013226     0x2996 ./Drivers/STM32F4xx_HAL_Driver/Src/stm32f4xx_hal_tim.o
 .debug_info    0x00015bbc     0x14d4 ./Drivers/STM32F4xx_HAL_Driver/Src/stm32f4xx_hal_tim_ex.o
 .debug_info    0x00017090     0x2f56 ./Drivers/STM32F4xx_HAL_Driver/Src/stm32f4xx_hal_uart.o

.debug_abbrev   0x00000000     0x4119
 .debug_abbrev  0x00000000      0x1f2 ./Core/Src/adc.o
 .debug_abbrev  0x000001f2      0x241 ./Core/Src/button.o
 .debug_abbrev  0x00000433      0x313 ./Core/Src/display.o
 .debug_abbrev  0x00000746      0x11b ./Core/Src/dma.o
 .debug_abbrev  0x00000861      0x151 ./Core/Src/gpio.o
 .debug_abbrev  0x000009b2      0x319 ./Core/Src/gps_parser.o
 .debug_abbrev  0x00000ccb      0x206 ./Core/Src/i2c.o
 .debug_abbrev  0x00000ed1      0x30a ./Core/Src/main.o
 .debug_abbrev  0x000011db      0x199 ./Core/Src/rtc.o
 .debug_abbrev  0x00001374      0x23d ./Core/Src/slider.o
 .debug_abbrev  0x000015b1      0x22b ./Core/Src/spi.o
 .debug_abbrev  0x000017dc       0xd8 ./Core/Src/stm32f4xx_hal_msp.o
 .debug_abbrev  0x000018b4      0x1c7 ./Core/Src/stm32f4xx_it.o
 .debug_abbrev  0x00001a7b      0x11a ./Core/Src/system_stm32f4xx.o
 .debug_abbrev  0x00001b95      0x26d ./Core/Src/tim.o
 .debug_abbrev  0x00001e02      0x20c ./Core/Src/usart.o
 .debug_abbrev  0x0000200e       0x24 ./Core/Startup/startup_stm32f401ccux.o
 .debug_abbrev  0x00002032      0x24b ./Drivers/STM32F4xx_HAL_Driver/Src/stm32f4xx_hal.o
 .debug_abbrev  0x0000227d      0x20e ./Drivers/STM32F4xx_HAL_Driver/Src/stm32f4xx_hal_adc.o
 .debug_abbrev  0x0000248b      0x31d ./Drivers/STM32F4xx_HAL_Driver/Src/stm32f4xx_hal_cortex.o
 .debug_abbrev  0x000027a8      0x221 ./Drivers/STM32F4xx_HAL_Driver/Src/stm32f4xx_hal_dma.o
 .debug_abbrev  0x000029c9      0x1d3 ./Drivers/STM32F4xx_HAL_Driver/Src/stm32f4xx_hal_gpio.o
 .debug_abbrev  0x00002b9c      0x2bc ./Drivers/STM32F4xx_HAL_Driver/Src/stm32f4xx_hal_i2c.o
 .debug_abbrev  0x00002e58      0x1ae ./Drivers/STM32F4xx_HAL_Driver/Src/stm32f4xx_hal_pwr.o
 .debug_abbrev  0x00003006      0x2b6 ./Drivers/STM32F4xx_HAL_Driver/Src/stm32f4xx_hal_rcc.o
 .debug_abbrev  0x000032bc      0x1b0 ./Drivers/STM32F4xx_HAL_Driver/Src/stm32f4xx_hal_rcc_ex.o
 .debug_abbrev  0x0000346c      0x1fb ./Drivers/STM32F4xx_HAL_Driver/Src/stm32f4xx_hal_rtc.o
 .debug_abbrev  0x00003667      0x276 ./Drivers/STM32F4xx_HAL_Driver/Src/stm32f4xx_hal_spi.o
 .debug_abbrev  0x000038dd      0x28b ./Drivers/STM32F4xx_HAL_Driver/Src/stm32f4xx_hal_tim.o
 .debug_abbrev  0x00003b68      0x296 ./Drivers/STM32F4xx_HAL_Driver/Src/stm32f4xx_hal_tim_ex.o
 .debug_abbrev  0x00003dfe      0x31b ./Drivers/STM32F4xx_HAL_Driver/Src/stm32f4xx_hal_uart.o

.debug_aranges  0x00000000     0x16e8
 .debug_aranges
                0x00000000       0x30 ./Core/Src/adc.o
 .debug_aranges
                0x00000030       0x50 ./Core/Src/button.o
 .debug_aranges
                0x00000080       0xc8 ./Core/Src/display.o
 .debug_aranges
                0x00000148       0x20 ./Core/Src/dma.o
 .debug_aranges
                0x00000168       0x20 ./Core/Src/gpio.o
 .debug_aranges
                0x00000188       0x78 ./Core/Src/gps_parser.o
 .debug_aranges
                0x00000200       0x30 ./Core/Src/i2c.o
 .debug_aranges
                0x00000230       0x60 ./Core/Src/main.o
 .debug_aranges
                0x00000290       0x30 ./Core/Src/rtc.o
 .debug_aranges
                0x000002c0       0x68 ./Core/Src/slider.o
 .debug_aranges
                0x00000328       0x30 ./Core/Src/spi.o
 .debug_aranges
                0x00000358       0x20 ./Core/Src/stm32f4xx_hal_msp.o
 .debug_aranges
                0x00000378       0x98 ./Core/Src/stm32f4xx_it.o
 .debug_aranges
                0x00000410       0x28 ./Core/Src/system_stm32f4xx.o
 .debug_aranges
                0x00000438       0x58 ./Core/Src/tim.o
 .debug_aranges
                0x00000490       0x30 ./Core/Src/usart.o
 .debug_aranges
                0x000004c0       0x28 ./Core/Startup/startup_stm32f401ccux.o
 .debug_aranges
                0x000004e8       0xf0 ./Drivers/STM32F4xx_HAL_Driver/Src/stm32f4xx_hal.o
 .debug_aranges
                0x000005d8       0xe8 ./Drivers/STM32F4xx_HAL_Driver/Src/stm32f4xx_hal_adc.o
 .debug_aranges
                0x000006c0      0x130 ./Drivers/STM32F4xx_HAL_Driver/Src/stm32f4xx_hal_cortex.o
 .debug_aranges
                0x000007f0       0x90 ./Drivers/STM32F4xx_HAL_Driver/Src/stm32f4xx_hal_dma.o
 .debug_aranges
                0x00000880       0x58 ./Drivers/STM32F4xx_HAL_Driver/Src/stm32f4xx_hal_gpio.o
 .debug_aranges
                0x000008d8      0x2a8 ./Drivers/STM32F4xx_HAL_Driver/Src/stm32f4xx_hal_i2c.o
 .debug_aranges
                0x00000b80       0xa0 ./Drivers/STM32F4xx_HAL_Driver/Src/stm32f4xx_hal_pwr.o
 .debug_aranges
                0x00000c20       0x88 ./Drivers/STM32F4xx_HAL_Driver/Src/stm32f4xx_hal_rcc.o
 .debug_aranges
                0x00000ca8       0x48 ./Drivers/STM32F4xx_HAL_Driver/Src/stm32f4xx_hal_rcc_ex.o
 .debug_aranges
                0x00000cf0       0xe8 ./Drivers/STM32F4xx_HAL_Driver/Src/stm32f4xx_hal_rtc.o
 .debug_aranges
                0x00000dd8      0x1d0 ./Drivers/STM32F4xx_HAL_Driver/Src/stm32f4xx_hal_spi.o
 .debug_aranges
                0x00000fa8      0x3d0 ./Drivers/STM32F4xx_HAL_Driver/Src/stm32f4xx_hal_tim.o
 .debug_aranges
                0x00001378      0x168 ./Drivers/STM32F4xx_HAL_Driver/Src/stm32f4xx_hal_tim_ex.o
 .debug_aranges
                0x000014e0      0x208 ./Drivers/STM32F4xx_HAL_Driver/Src/stm32f4xx_hal_uart.o

.debug_rnglists
                0x00000000     0x11de
 .debug_rnglists
                0x00000000       0x21 ./Core/Src/adc.o
 .debug_rnglists
                0x00000021       0x38 ./Core/Src/button.o
 .debug_rnglists
                0x00000059       0x9e ./Core/Src/display.o
 .debug_rnglists
                0x000000f7       0x14 ./Core/Src/dma.o
 .debug_rnglists
                0x0000010b       0x14 ./Core/Src/gpio.o
 .debug_rnglists
                0x0000011f       0x5c ./Core/Src/gps_parser.o
 .debug_rnglists
                0x0000017b       0x20 ./Core/Src/i2c.o
 .debug_rnglists
                0x0000019b       0x45 ./Core/Src/main.o
 .debug_rnglists
                0x000001e0       0x20 ./Core/Src/rtc.o
 .debug_rnglists
                0x00000200       0x4e ./Core/Src/slider.o
 .debug_rnglists
                0x0000024e       0x20 ./Core/Src/spi.o
 .debug_rnglists
                0x0000026e       0x13 ./Core/Src/stm32f4xx_hal_msp.o
 .debug_rnglists
                0x00000281       0x6d ./Core/Src/stm32f4xx_it.o
 .debug_rnglists
                0x000002ee       0x1a ./Core/Src/system_stm32f4xx.o
 .debug_rnglists
                0x00000308       0x41 ./Core/Src/tim.o
 .debug_rnglists
                0x00000349       0x20 ./Core/Src/usart.o
 .debug_rnglists
                0x00000369       0x19 ./Core/Startup/startup_stm32f401ccux.o
 .debug_rnglists
                0x00000382       0xaf ./Drivers/STM32F4xx_HAL_Driver/Src/stm32f4xx_hal.o
 .debug_rnglists
                0x00000431       0xb5 ./Drivers/STM32F4xx_HAL_Driver/Src/stm32f4xx_hal_adc.o
 .debug_rnglists
                0x000004e6       0xe0 ./Drivers/STM32F4xx_HAL_Driver/Src/stm32f4xx_hal_cortex.o
 .debug_rnglists
                0x000005c6       0x70 ./Drivers/STM32F4xx_HAL_Driver/Src/stm32f4xx_hal_dma.o
 .debug_rnglists
                0x00000636       0x3f ./Drivers/STM32F4xx_HAL_Driver/Src/stm32f4xx_hal_gpio.o
 .debug_rnglists
                0x00000675      0x23c ./Drivers/STM32F4xx_HAL_Driver/Src/stm32f4xx_hal_i2c.o
 .debug_rnglists
                0x000008b1       0x74 ./Drivers/STM32F4xx_HAL_Driver/Src/stm32f4xx_hal_pwr.o
 .debug_rnglists
                0x00000925       0x66 ./Drivers/STM32F4xx_HAL_Driver/Src/stm32f4xx_hal_rcc.o
 .debug_rnglists
                0x0000098b       0x35 ./Drivers/STM32F4xx_HAL_Driver/Src/stm32f4xx_hal_rcc_ex.o
 .debug_rnglists
                0x000009c0       0xb4 ./Drivers/STM32F4xx_HAL_Driver/Src/stm32f4xx_hal_rtc.o
 .debug_rnglists
                0x00000a74      0x16f ./Drivers/STM32F4xx_HAL_Driver/Src/stm32f4xx_hal_spi.o
 .debug_rnglists
                0x00000be3      0x31a ./Drivers/STM32F4xx_HAL_Driver/Src/stm32f4xx_hal_tim.o
 .debug_rnglists
                0x00000efd      0x125 ./Drivers/STM32F4xx_HAL_Driver/Src/stm32f4xx_hal_tim_ex.o
 .debug_rnglists
                0x00001022      0x1bc ./Drivers/STM32F4xx_HAL_Driver/Src/stm32f4xx_hal_uart.o

.debug_macro    0x00000000    0x1b8a7
 .debug_macro   0x00000000      0x24b ./Core/Src/adc.o
 .debug_macro   0x0000024b      0xab4 ./Core/Src/adc.o
 .debug_macro   0x00000cff      0x2b3 ./Core/Src/adc.o
 .debug_macro   0x00000fb2       0x2e ./Core/Src/adc.o
 .debug_macro   0x00000fe0       0x28 ./Core/Src/adc.o
 .debug_macro   0x00001008       0x22 ./Core/Src/adc.o
 .debug_macro   0x0000102a       0x8e ./Core/Src/adc.o
 .debug_macro   0x000010b8       0x51 ./Core/Src/adc.o
 .debug_macro   0x00001109      0x103 ./Core/Src/adc.o
 .debug_macro   0x0000120c       0x6a ./Core/Src/adc.o
 .debug_macro   0x00001276      0x1df ./Core/Src/adc.o
 .debug_macro   0x00001455       0x1c ./Core/Src/adc.o
 .debug_macro   0x00001471       0x22 ./Core/Src/adc.o
 .debug_macro   0x00001493       0xfb ./Core/Src/adc.o
 .debug_macro   0x0000158e     0x1011 ./Core/Src/adc.o
 .debug_macro   0x0000259f      0x11f ./Core/Src/adc.o
 .debug_macro   0x000026be     0xb86c ./Core/Src/adc.o
 .debug_macro   0x0000df2a       0x6d ./Core/Src/adc.o
 .debug_macro   0x0000df97     0x369a ./Core/Src/adc.o
 .debug_macro   0x00011631      0x189 ./Core/Src/adc.o
 .debug_macro   0x000117ba       0x5c ./Core/Src/adc.o
 .debug_macro   0x00011816      0x416 ./Core/Src/adc.o
 .debug_macro   0x00011c2c      0x9e9 ./Core/Src/adc.o
 .debug_macro   0x00012615      0x115 ./Core/Src/adc.o
 .debug_macro   0x0001272a       0xf8 ./Core/Src/adc.o
 .debug_macro   0x00012822       0xa5 ./Core/Src/adc.o
 .debug_macro   0x000128c7      0x15f ./Core/Src/adc.o
 .debug_macro   0x00012a26      0x287 ./Core/Src/adc.o
 .debug_macro   0x00012cad       0x5f ./Core/Src/adc.o
 .debug_macro   0x00012d0c      0x236 ./Core/Src/adc.o
 .debug_macro   0x00012f42      0x9e1 ./Core/Src/adc.o
 .debug_macro   0x00013923      0x38b ./Core/Src/adc.o
 .debug_macro   0x00013cae      0x176 ./Core/Src/adc.o
 .debug_macro   0x00013e24       0xf9 ./Core/Src/adc.o
 .debug_macro   0x00013f1d      0x132 ./Core/Src/adc.o
 .debug_macro   0x0001404f      0x23a ./Core/Src/adc.o
 .debug_macro   0x00014289       0x2e ./Core/Src/adc.o
 .debug_macro   0x000142b7      0x1b5 ./Core/Src/adc.o
 .debug_macro   0x0001446c       0x22 ./Core/Src/adc.o
 .debug_macro   0x0001448e       0xd6 ./Core/Src/adc.o
 .debug_macro   0x00014564      0x127 ./Core/Src/adc.o
 .debug_macro   0x0001468b       0x85 ./Core/Src/adc.o
 .debug_macro   0x00014710       0x89 ./Core/Src/adc.o
 .debug_macro   0x00014799      0x305 ./Core/Src/adc.o
 .debug_macro   0x00014a9e      0x429 ./Core/Src/adc.o
 .debug_macro   0x00014ec7       0xeb ./Core/Src/adc.o
 .debug_macro   0x00014fb2      0x225 ./Core/Src/adc.o
 .debug_macro   0x000151d7      0x8ed ./Core/Src/adc.o
 .debug_macro   0x00015ac4       0x47 ./Core/Src/adc.o
 .debug_macro   0x00015b0b      0x2aa ./Core/Src/adc.o
 .debug_macro   0x00015db5      0x126 ./Core/Src/adc.o
 .debug_macro   0x00015edb       0x1c ./Core/Src/adc.o
 .debug_macro   0x00015ef7      0x36b ./Core/Src/button.o
 .debug_macro   0x00016262       0x22 ./Core/Src/button.o
 .debug_macro   0x00016284       0x2e ./Core/Src/button.o
 .debug_macro   0x000162b2       0x61 ./Core/Src/button.o
 .debug_macro   0x00016313       0x2a ./Core/Src/button.o
 .debug_macro   0x0001633d       0x43 ./Core/Src/button.o
 .debug_macro   0x00016380       0x3a ./Core/Src/button.o
 .debug_macro   0x000163ba       0x35 ./Core/Src/button.o
 .debug_macro   0x000163ef      0x460 ./Core/Src/button.o
 .debug_macro   0x0001684f       0x22 ./Core/Src/button.o
 .debug_macro   0x00016871       0x16 ./Core/Src/button.o
 .debug_macro   0x00016887       0x43 ./Core/Src/button.o
 .debug_macro   0x000168ca       0x34 ./Core/Src/button.o
 .debug_macro   0x000168fe       0x10 ./Core/Src/button.o
 .debug_macro   0x0001690e       0x58 ./Core/Src/button.o
 .debug_macro   0x00016966       0x8e ./Core/Src/button.o
 .debug_macro   0x000169f4       0x1c ./Core/Src/button.o
 .debug_macro   0x00016a10      0x177 ./Core/Src/button.o
 .debug_macro   0x00016b87      0x369 ./Core/Src/button.o
 .debug_macro   0x00016ef0       0x10 ./Core/Src/button.o
 .debug_macro   0x00016f00       0x20 ./Core/Src/button.o
 .debug_macro   0x00016f20      0x330 ./Core/Src/display.o
 .debug_macro   0x00017250       0x34 ./Core/Src/display.o
 .debug_macro   0x00017284       0x56 ./Core/Src/display.o
 .debug_macro   0x000172da      0x24b ./Core/Src/dma.o
 .debug_macro   0x00017525      0x24b ./Core/Src/gpio.o
 .debug_macro   0x00017770      0x356 ./Core/Src/gps_parser.o
 .debug_macro   0x00017ac6       0x5b ./Core/Src/gps_parser.o
 .debug_macro   0x00017b21       0x94 ./Core/Src/gps_parser.o
 .debug_macro   0x00017bb5       0x57 ./Core/Src/gps_parser.o
 .debug_macro   0x00017c0c       0x89 ./Core/Src/gps_parser.o
 .debug_macro   0x00017c95      0x112 ./Core/Src/gps_parser.o
 .debug_macro   0x00017da7      0x24b ./Core/Src/i2c.o
 .debug_macro   0x00017ff2      0x3b4 ./Core/Src/main.o
 .debug_macro   0x000183a6       0x34 ./Core/Src/main.o
 .debug_macro   0x000183da       0x10 ./Core/Src/main.o
 .debug_macro   0x000183ea      0x24b ./Core/Src/rtc.o
 .debug_macro   0x00018635      0x36a ./Core/Src/slider.o
 .debug_macro   0x0001899f       0x1c ./Core/Src/slider.o
 .debug_macro   0x000189bb       0x10 ./Core/Src/slider.o
 .debug_macro   0x000189cb       0x1c ./Core/Src/slider.o
 .debug_macro   0x000189e7       0x16 ./Core/Src/slider.o
 .debug_macro   0x000189fd      0x146 ./Core/Src/slider.o
 .debug_macro   0x00018b43      0x24b ./Core/Src/spi.o
 .debug_macro   0x00018d8e      0x241 ./Core/Src/stm32f4xx_hal_msp.o
 .debug_macro   0x00018fcf      0x24b ./Core/Src/stm32f4xx_it.o
 .debug_macro   0x0001921a      0x232 ./Core/Src/system_stm32f4xx.o
 .debug_macro   0x0001944c      0x24b ./Core/Src/tim.o
 .debug_macro   0x00019697      0x24b ./Core/Src/usart.o
 .debug_macro   0x000198e2      0x292 ./Drivers/STM32F4xx_HAL_Driver/Src/stm32f4xx_hal.o
 .debug_macro   0x00019b74      0x233 ./Drivers/STM32F4xx_HAL_Driver/Src/stm32f4xx_hal_adc.o
 .debug_macro   0x00019da7      0x232 ./Drivers/STM32F4xx_HAL_Driver/Src/stm32f4xx_hal_cortex.o
 .debug_macro   0x00019fd9      0x238 ./Drivers/STM32F4xx_HAL_Driver/Src/stm32f4xx_hal_dma.o
 .debug_macro   0x0001a211      0x238 ./Drivers/STM32F4xx_HAL_Driver/Src/stm32f4xx_hal_gpio.o
 .debug_macro   0x0001a449      0x280 ./Drivers/STM32F4xx_HAL_Driver/Src/stm32f4xx_hal_i2c.o
 .debug_macro   0x0001a6c9      0x24a ./Drivers/STM32F4xx_HAL_Driver/Src/stm32f4xx_hal_pwr.o
 .debug_macro   0x0001a913      0x256 ./Drivers/STM32F4xx_HAL_Driver/Src/stm32f4xx_hal_rcc.o
 .debug_macro   0x0001ab69      0x232 ./Drivers/STM32F4xx_HAL_Driver/Src/stm32f4xx_hal_rcc_ex.o
 .debug_macro   0x0001ad9b      0x233 ./Drivers/STM32F4xx_HAL_Driver/Src/stm32f4xx_hal_rtc.o
 .debug_macro   0x0001afce      0x241 ./Drivers/STM32F4xx_HAL_Driver/Src/stm32f4xx_hal_spi.o
 .debug_macro   0x0001b20f      0x233 ./Drivers/STM32F4xx_HAL_Driver/Src/stm32f4xx_hal_tim.o
 .debug_macro   0x0001b442      0x232 ./Drivers/STM32F4xx_HAL_Driver/Src/stm32f4xx_hal_tim_ex.o
 .debug_macro   0x0001b674      0x233 ./Drivers/STM32F4xx_HAL_Driver/Src/stm32f4xx_hal_uart.o

.debug_line     0x00000000    0x1f818
 .debug_line    0x00000000      0x88e ./Core/Src/adc.o
 .debug_line    0x0000088e      0xbac ./Core/Src/button.o
 .debug_line    0x0000143a     0x105b ./Core/Src/display.o
 .debug_line    0x00002495      0x811 ./Core/Src/dma.o
 .debug_line    0x00002ca6      0x828 ./Core/Src/gpio.o
 .debug_line    0x000034ce      0xe13 ./Core/Src/gps_parser.o
 .debug_line    0x000042e1      0x8d6 ./Core/Src/i2c.o
 .debug_line    0x00004bb7      0xcf7 ./Core/Src/main.o
 .debug_line    0x000058ae      0x89c ./Core/Src/rtc.o
 .debug_line    0x0000614a      0xdb5 ./Core/Src/slider.o
 .debug_line    0x00006eff      0x8aa ./Core/Src/spi.o
 .debug_line    0x000077a9      0x80f ./Core/Src/stm32f4xx_hal_msp.o
 .debug_line    0x00007fb8      0x979 ./Core/Src/stm32f4xx_it.o
 .debug_line    0x00008931      0x893 ./Core/Src/system_stm32f4xx.o
 .debug_line    0x000091c4      0xa13 ./Core/Src/tim.o
 .debug_line    0x00009bd7      0x89f ./Core/Src/usart.o
 .debug_line    0x0000a476       0x7a ./Core/Startup/startup_stm32f401ccux.o
 .debug_line    0x0000a4f0      0xafc ./Drivers/STM32F4xx_HAL_Driver/Src/stm32f4xx_hal.o
 .debug_line    0x0000afec     0x12b8 ./Drivers/STM32F4xx_HAL_Driver/Src/stm32f4xx_hal_adc.o
 .debug_line    0x0000c2a4      0xdee ./Drivers/STM32F4xx_HAL_Driver/Src/stm32f4xx_hal_cortex.o
 .debug_line    0x0000d092     0x106c ./Drivers/STM32F4xx_HAL_Driver/Src/stm32f4xx_hal_dma.o
 .debug_line    0x0000e0fe      0xc4c ./Drivers/STM32F4xx_HAL_Driver/Src/stm32f4xx_hal_gpio.o
 .debug_line    0x0000ed4a     0x3c42 ./Drivers/STM32F4xx_HAL_Driver/Src/stm32f4xx_hal_i2c.o
 .debug_line    0x0001298c      0xa0e ./Drivers/STM32F4xx_HAL_Driver/Src/stm32f4xx_hal_pwr.o
 .debug_line    0x0001339a      0xe85 ./Drivers/STM32F4xx_HAL_Driver/Src/stm32f4xx_hal_rcc.o
 .debug_line    0x0001421f      0xb2a ./Drivers/STM32F4xx_HAL_Driver/Src/stm32f4xx_hal_rcc_ex.o
 .debug_line    0x00014d49     0x11e0 ./Drivers/STM32F4xx_HAL_Driver/Src/stm32f4xx_hal_rtc.o
 .debug_line    0x00015f29     0x1e1a ./Drivers/STM32F4xx_HAL_Driver/Src/stm32f4xx_hal_spi.o
 .debug_line    0x00017d43     0x367a ./Drivers/STM32F4xx_HAL_Driver/Src/stm32f4xx_hal_tim.o
 .debug_line    0x0001b3bd     0x1a8d ./Drivers/STM32F4xx_HAL_Driver/Src/stm32f4xx_hal_tim_ex.o
 .debug_line    0x0001ce4a     0x29ce ./Drivers/STM32F4xx_HAL_Driver/Src/stm32f4xx_hal_uart.o

.debug_str      0x00000000    0xa4fdd
 .debug_str     0x00000000    0x9a528 ./Core/Src/adc.o
                              0x9a834 (size before relaxing)
 .debug_str     0x0009a528     0x4786 ./Core/Src/button.o
                              0x9ec55 (size before relaxing)
 .debug_str     0x0009ecae      0x4e3 ./Core/Src/display.o
                              0x9de8b (size before relaxing)
 .debug_str     0x0009f191      0x3dd ./Core/Src/dma.o
                              0x9a6b2 (size before relaxing)
 .debug_str     0x0009f56e       0x2c ./Core/Src/gpio.o
                              0x9a3c2 (size before relaxing)
 .debug_str     0x0009f59a      0x476 ./Core/Src/gps_parser.o
                              0x9eb88 (size before relaxing)
 .debug_str     0x0009fa10      0x2f6 ./Core/Src/i2c.o
                              0x9a92c (size before relaxing)
 .debug_str     0x0009fd06      0x5ab ./Core/Src/main.o
                              0x9f801 (size before relaxing)
 .debug_str     0x000a02b1       0x4b ./Core/Src/rtc.o
                              0x9a5f9 (size before relaxing)
 .debug_str     0x000a02fc      0x7fb ./Core/Src/slider.o
                              0x9dcbb (size before relaxing)
 .debug_str     0x000a0af7       0x6c ./Core/Src/spi.o
                              0x9ac49 (size before relaxing)
 .debug_str     0x000a0b63       0x2c ./Core/Src/stm32f4xx_hal_msp.o
                              0x9a2f7 (size before relaxing)
 .debug_str     0x000a0b8f      0x192 ./Core/Src/stm32f4xx_it.o
                              0x9aab3 (size before relaxing)
 .debug_str     0x000a0d21       0xdb ./Core/Src/system_stm32f4xx.o
                              0x9a345 (size before relaxing)
 .debug_str     0x000a0dfc      0x36a ./Core/Src/tim.o
                              0x9b08a (size before relaxing)
 .debug_str     0x000a1166       0x51 ./Core/Src/usart.o
                              0x9a8aa (size before relaxing)
 .debug_str     0x000a11b7       0x60 ./Core/Startup/startup_stm32f401ccux.o
 .debug_str     0x000a1217      0x621 ./Drivers/STM32F4xx_HAL_Driver/Src/stm32f4xx_hal.o
                              0x9ad67 (size before relaxing)
 .debug_str     0x000a1838      0x2b0 ./Drivers/STM32F4xx_HAL_Driver/Src/stm32f4xx_hal_adc.o
                              0x9a920 (size before relaxing)
 .debug_str     0x000a1ae8      0x35c ./Drivers/STM32F4xx_HAL_Driver/Src/stm32f4xx_hal_cortex.o
                              0x9aad1 (size before relaxing)
 .debug_str     0x000a1e44      0x2c7 ./Drivers/STM32F4xx_HAL_Driver/Src/stm32f4xx_hal_dma.o
                              0x9a74d (size before relaxing)
 .debug_str     0x000a210b      0x10b ./Drivers/STM32F4xx_HAL_Driver/Src/stm32f4xx_hal_gpio.o
                              0x9a4c0 (size before relaxing)
 .debug_str     0x000a2216      0xb0e ./Drivers/STM32F4xx_HAL_Driver/Src/stm32f4xx_hal_i2c.o
                              0x9b356 (size before relaxing)
 .debug_str     0x000a2d24      0x24f ./Drivers/STM32F4xx_HAL_Driver/Src/stm32f4xx_hal_pwr.o
                              0x9a57b (size before relaxing)
 .debug_str     0x000a2f73      0x208 ./Drivers/STM32F4xx_HAL_Driver/Src/stm32f4xx_hal_rcc.o
                              0x9a779 (size before relaxing)
 .debug_str     0x000a317b       0xf9 ./Drivers/STM32F4xx_HAL_Driver/Src/stm32f4xx_hal_rcc_ex.o
                              0x9a4a8 (size before relaxing)
 .debug_str     0x000a3274      0x27e ./Drivers/STM32F4xx_HAL_Driver/Src/stm32f4xx_hal_rtc.o
                              0x9a7a2 (size before relaxing)
 .debug_str     0x000a34f2      0x513 ./Drivers/STM32F4xx_HAL_Driver/Src/stm32f4xx_hal_spi.o
                              0x9abf1 (size before relaxing)
 .debug_str     0x000a3a05      0xbfe ./Drivers/STM32F4xx_HAL_Driver/Src/stm32f4xx_hal_tim.o
                              0x9b6bd (size before relaxing)
 .debug_str     0x000a4603      0x3e1 ./Drivers/STM32F4xx_HAL_Driver/Src/stm32f4xx_hal_tim_ex.o
                              0x9aec9 (size before relaxing)
 .debug_str     0x000a49e4      0x5f9 ./Drivers/STM32F4xx_HAL_Driver/Src/stm32f4xx_hal_uart.o
                              0x9ad48 (size before relaxing)

.comment        0x00000000       0x43
 .comment       0x00000000       0x43 ./Core/Src/adc.o
                                 0x44 (size before relaxing)
 .comment       0x00000043       0x44 ./Core/Src/button.o
 .comment       0x00000043       0x44 ./Core/Src/display.o
 .comment       0x00000043       0x44 ./Core/Src/dma.o
 .comment       0x00000043       0x44 ./Core/Src/gpio.o
 .comment       0x00000043       0x44 ./Core/Src/gps_parser.o
 .comment       0x00000043       0x44 ./Core/Src/i2c.o
 .comment       0x00000043       0x44 ./Core/Src/main.o
 .comment       0x00000043       0x44 ./Core/Src/rtc.o
 .comment       0x00000043       0x44 ./Core/Src/slider.o
 .comment       0x00000043       0x44 ./Core/Src/spi.o
 .comment       0x00000043       0x44 ./Core/Src/stm32f4xx_hal_msp.o
 .comment       0x00000043       0x44 ./Core/Src/stm32f4xx_it.o
 .comment       0x00000043       0x44 ./Core/Src/system_stm32f4xx.o
 .comment       0x00000043       0x44 ./Core/Src/tim.o
 .comment       0x00000043       0x44 ./Core/Src/usart.o
 .comment       0x00000043       0x44 ./Drivers/STM32F4xx_HAL_Driver/Src/stm32f4xx_hal.o
 .comment       0x00000043       0x44 ./Drivers/STM32F4xx_HAL_Driver/Src/stm32f4xx_hal_adc.o
 .comment       0x00000043       0x44 ./Drivers/STM32F4xx_HAL_Driver/Src/stm32f4xx_hal_cortex.o
 .comment       0x00000043       0x44 ./Drivers/STM32F4xx_HAL_Driver/Src/stm32f4xx_hal_dma.o
 .comment       0x00000043       0x44 ./Drivers/STM32F4xx_HAL_Driver/Src/stm32f4xx_hal_gpio.o
 .comment       0x00000043       0x44 ./Drivers/STM32F4xx_HAL_Driver/Src/stm32f4xx_hal_i2c.o
 .comment       0x00000043       0x44 ./Drivers/STM32F4xx_HAL_Driver/Src/stm32f4xx_hal_pwr.o
 .comment       0x00000043       0x44 ./Drivers/STM32F4xx_HAL_Driver/Src/stm32f4xx_hal_rcc.o
 .comment       0x00000043       0x44 ./Drivers/STM32F4xx_HAL_Driver/Src/stm32f4xx_hal_rcc_ex.o
 .comment       0x00000043       0x44 ./Drivers/STM32F4xx_HAL_Driver/Src/stm32f4xx_hal_rtc.o
 .comment       0x00000043       0x44 ./Drivers/STM32F4xx_HAL_Driver/Src/stm32f4xx_hal_spi.o
 .comment       0x00000043       0x44 ./Drivers/STM32F4xx_HAL_Driver/Src/stm32f4xx_hal_tim.o
 .comment       0x00000043       0x44 ./Drivers/STM32F4xx_HAL_Driver/Src/stm32f4xx_hal_tim_ex.o
 .comment       0x00000043       0x44 ./Drivers/STM32F4xx_HAL_Driver/Src/stm32f4xx_hal_uart.o

.debug_frame    0x00000000     0x6010
 .debug_frame   0x00000000       0x7c ./Core/Src/adc.o
 .debug_frame   0x0000007c      0x120 ./Core/Src/button.o
 .debug_frame   0x0000019c      0x3e8 ./Core/Src/display.o
 .debug_frame   0x00000584       0x34 ./Core/Src/dma.o
 .debug_frame   0x000005b8       0x34 ./Core/Src/gpio.o
 .debug_frame   0x000005ec      0x1d4 ./Core/Src/gps_parser.o
 .debug_frame   0x000007c0       0x74 ./Core/Src/i2c.o
 .debug_frame   0x00000834      0x130 ./Core/Src/main.o
 .debug_frame   0x00000964       0x80 ./Core/Src/rtc.o
 .debug_frame   0x000009e4      0x180 ./Core/Src/slider.o
 .debug_frame   0x00000b64       0x74 ./Core/Src/spi.o
 .debug_frame   0x00000bd8       0x38 ./Core/Src/stm32f4xx_hal_msp.o
 .debug_frame   0x00000c10      0x1c8 ./Core/Src/stm32f4xx_it.o
 .debug_frame   0x00000dd8       0x58 ./Core/Src/system_stm32f4xx.o
 .debug_frame   0x00000e30      0x130 ./Core/Src/tim.o
 .debug_frame   0x00000f60       0x74 ./Core/Src/usart.o
 .debug_frame   0x00000fd4      0x374 ./Drivers/STM32F4xx_HAL_Driver/Src/stm32f4xx_hal.o
 .debug_frame   0x00001348      0x3fc ./Drivers/STM32F4xx_HAL_Driver/Src/stm32f4xx_hal_adc.o
 .debug_frame   0x00001744      0x508 ./Drivers/STM32F4xx_HAL_Driver/Src/stm32f4xx_hal_cortex.o
 .debug_frame   0x00001c4c      0x250 ./Drivers/STM32F4xx_HAL_Driver/Src/stm32f4xx_hal_dma.o
 .debug_frame   0x00001e9c      0x14c ./Drivers/STM32F4xx_HAL_Driver/Src/stm32f4xx_hal_gpio.o
 .debug_frame   0x00001fe8      0xc84 ./Drivers/STM32F4xx_HAL_Driver/Src/stm32f4xx_hal_i2c.o
 .debug_frame   0x00002c6c      0x264 ./Drivers/STM32F4xx_HAL_Driver/Src/stm32f4xx_hal_pwr.o
 .debug_frame   0x00002ed0      0x1f4 ./Drivers/STM32F4xx_HAL_Driver/Src/stm32f4xx_hal_rcc.o
 .debug_frame   0x000030c4       0xf0 ./Drivers/STM32F4xx_HAL_Driver/Src/stm32f4xx_hal_rcc_ex.o
 .debug_frame   0x000031b4      0x3f4 ./Drivers/STM32F4xx_HAL_Driver/Src/stm32f4xx_hal_rtc.o
 .debug_frame   0x000035a8      0x828 ./Drivers/STM32F4xx_HAL_Driver/Src/stm32f4xx_hal_spi.o
 .debug_frame   0x00003dd0     0x11b8 ./Drivers/STM32F4xx_HAL_Driver/Src/stm32f4xx_hal_tim.o
 .debug_frame   0x00004f88      0x638 ./Drivers/STM32F4xx_HAL_Driver/Src/stm32f4xx_hal_tim_ex.o
 .debug_frame   0x000055c0      0x954 ./Drivers/STM32F4xx_HAL_Driver/Src/stm32f4xx_hal_uart.o
 .debug_frame   0x00005f14       0x20 C:/ST/STM32CubeIDE_1.16.1/STM32CubeIDE/plugins/com.st.stm32cube.ide.mcu.externaltools.gnu-tools-for-stm32.12.3.rel1.win32_1.0.200.202406191623/tools/bin/../lib/gcc/arm-none-eabi/12.3.1/../../../../arm-none-eabi/lib/thumb/v7e-m+fp/hard\libc_nano.a(libc_a-memset.o)
 .debug_frame   0x00005f34       0x28 C:/ST/STM32CubeIDE_1.16.1/STM32CubeIDE/plugins/com.st.stm32cube.ide.mcu.externaltools.gnu-tools-for-stm32.12.3.rel1.win32_1.0.200.202406191623/tools/bin/../lib/gcc/arm-none-eabi/12.3.1/../../../../arm-none-eabi/lib/thumb/v7e-m+fp/hard\libc_nano.a(libc_a-strncmp.o)
 .debug_frame   0x00005f5c       0x28 C:/ST/STM32CubeIDE_1.16.1/STM32CubeIDE/plugins/com.st.stm32cube.ide.mcu.externaltools.gnu-tools-for-stm32.12.3.rel1.win32_1.0.200.202406191623/tools/bin/../lib/gcc/arm-none-eabi/12.3.1/../../../../arm-none-eabi/lib/thumb/v7e-m+fp/hard\libc_nano.a(libc_a-strncpy.o)
 .debug_frame   0x00005f84       0x2c C:/ST/STM32CubeIDE_1.16.1/STM32CubeIDE/plugins/com.st.stm32cube.ide.mcu.externaltools.gnu-tools-for-stm32.12.3.rel1.win32_1.0.200.202406191623/tools/bin/../lib/gcc/arm-none-eabi/12.3.1/../../../../arm-none-eabi/lib/thumb/v7e-m+fp/hard\libc_nano.a(libc_a-init.o)
 .debug_frame   0x00005fb0       0x2c C:/ST/STM32CubeIDE_1.16.1/STM32CubeIDE/plugins/com.st.stm32cube.ide.mcu.externaltools.gnu-tools-for-stm32.12.3.rel1.win32_1.0.200.202406191623/tools/bin/../lib/gcc/arm-none-eabi/12.3.1/thumb/v7e-m+fp/hard\libgcc.a(_aeabi_uldivmod.o)
 .debug_frame   0x00005fdc       0x34 C:/ST/STM32CubeIDE_1.16.1/STM32CubeIDE/plugins/com.st.stm32cube.ide.mcu.externaltools.gnu-tools-for-stm32.12.3.rel1.win32_1.0.200.202406191623/tools/bin/../lib/gcc/arm-none-eabi/12.3.1/thumb/v7e-m+fp/hard\libgcc.a(_udivmoddi4.o)

.debug_line_str
                0x00000000       0x44
 .debug_line_str
                0x00000000       0x44 ./Core/Startup/startup_stm32f401ccux.o
